Archive member included because of file (symbol)

P:\docs\source\stm32plus\lib\Debug_f051_48\libstm32plus.a(MillisecondTimer.o)
                              ./src/ControlPage.o (stm32plus::MillisecondTimer::_counter)
P:\docs\source\stm32plus\lib\Debug_f051_48\libstm32plus.a(Timer6InterruptHandler.o)
                              ./src/Buttons.o (stm32plus::TimerInterruptFeatureEnabler<(unsigned char)6>::_forceLinkage)
P:\docs\source\stm32plus\lib\Debug_f051_48\libstm32plus.a(StringUtil.o)
                              ./src/IntegerNumberWriter.o (stm32plus::StringUtil::modp_uitoa10(unsigned long, char*))
P:\docs\source\stm32plus\lib\Debug_f051_48\libstm32plus.a(GpioPinInitialiser.o)
                              ./src/Flash.o (stm32plus::GpioPinInitialiser::initialise(GPIO_TypeDef*, unsigned short, stm32plus::Gpio::GpioModeType, GPIOSpeed_TypeDef, stm32plus::Gpio::GpioPullUpDownType, stm32plus::Gpio::GpioOutputType, unsigned char))
P:\docs\source\stm32plus\lib\Debug_f051_48\libstm32plus.a(ErrorProvider.o)
                              ./src/Flash.o (stm32plus::errorProvider)
P:\docs\source\stm32plus\lib\Debug_f051_48\libstm32plus.a(Point.o)
                              ./src/ReflowPage.o (stm32plus::display::Point::Origin)
P:\docs\source\stm32plus\lib\Debug_f051_48\libstm32plus.a(stm32f0xx_tim.o)
                              ./src/Buttons.o (TIM_TimeBaseInit)
P:\docs\source\stm32plus\lib\Debug_f051_48\libstm32plus.a(stm32f0xx_spi.o)
                              ./src/Flash.o (SPI_StructInit)
P:\docs\source\stm32plus\lib\Debug_f051_48\libstm32plus.a(stm32f0xx_rcc.o)
                              P:\docs\source\stm32plus\lib\Debug_f051_48\libstm32plus.a(stm32f0xx_spi.o) (RCC_GetClocksFreq)
P:\docs\source\stm32plus\lib\Debug_f051_48\libstm32plus.a(stm32f0xx_misc.o)
                              ./src/Buttons.o (NVIC_Init)
P:\docs\source\stm32plus\lib\Debug_f051_48\libstm32plus.a(stm32f0xx_gpio.o)
                              ./src/Buttons.o (GPIO_Init)
P:\docs\source\stm32plus\lib\Debug_f051_48\libstm32plus.a(stm32f0xx_dma.o)
                              ./src/FlashGraphics.o (DMA_Init)
p:/docs/cyghome/andy/codesourcery/arm-2013.11/bin/../lib/gcc/arm-none-eabi/4.8.1/armv6-m\libgcc.a(_udivsi3.o)
                              ./system/f051/System.o (__aeabi_uidiv)
p:/docs/cyghome/andy/codesourcery/arm-2013.11/bin/../lib/gcc/arm-none-eabi/4.8.1/armv6-m\libgcc.a(_divsi3.o)
                              ./src/ControlPage.o (__aeabi_idiv)
p:/docs/cyghome/andy/codesourcery/arm-2013.11/bin/../lib/gcc/arm-none-eabi/4.8.1/armv6-m\libgcc.a(_dvmd_tls.o)
                              p:/docs/cyghome/andy/codesourcery/arm-2013.11/bin/../lib/gcc/arm-none-eabi/4.8.1/armv6-m\libgcc.a(_udivsi3.o) (__aeabi_idiv0)
p:/docs/cyghome/andy/codesourcery/arm-2013.11/bin/../lib/gcc/arm-none-eabi/4.8.1/armv6-m\libgcc.a(_arm_cmpdf2.o)
                              P:\docs\source\stm32plus\lib\Debug_f051_48\libstm32plus.a(StringUtil.o) (__aeabi_dcmpeq)
p:/docs/cyghome/andy/codesourcery/arm-2013.11/bin/../lib/gcc/arm-none-eabi/4.8.1/armv6-m\libgcc.a(_fixunsdfsi.o)
                              ./src/Pid.o (__aeabi_d2uiz)
p:/docs/cyghome/andy/codesourcery/arm-2013.11/bin/../lib/gcc/arm-none-eabi/4.8.1/armv6-m\libgcc.a(adddf3.o)
                              ./src/Pid.o (__aeabi_dadd)
p:/docs/cyghome/andy/codesourcery/arm-2013.11/bin/../lib/gcc/arm-none-eabi/4.8.1/armv6-m\libgcc.a(divdf3.o)
                              ./src/Reflow.o (__aeabi_ddiv)
p:/docs/cyghome/andy/codesourcery/arm-2013.11/bin/../lib/gcc/arm-none-eabi/4.8.1/armv6-m\libgcc.a(eqdf2.o)
                              p:/docs/cyghome/andy/codesourcery/arm-2013.11/bin/../lib/gcc/arm-none-eabi/4.8.1/armv6-m\libgcc.a(_arm_cmpdf2.o) (__eqdf2)
p:/docs/cyghome/andy/codesourcery/arm-2013.11/bin/../lib/gcc/arm-none-eabi/4.8.1/armv6-m\libgcc.a(gedf2.o)
                              p:/docs/cyghome/andy/codesourcery/arm-2013.11/bin/../lib/gcc/arm-none-eabi/4.8.1/armv6-m\libgcc.a(_arm_cmpdf2.o) (__gedf2)
p:/docs/cyghome/andy/codesourcery/arm-2013.11/bin/../lib/gcc/arm-none-eabi/4.8.1/armv6-m\libgcc.a(ledf2.o)
                              p:/docs/cyghome/andy/codesourcery/arm-2013.11/bin/../lib/gcc/arm-none-eabi/4.8.1/armv6-m\libgcc.a(_arm_cmpdf2.o) (__ledf2)
p:/docs/cyghome/andy/codesourcery/arm-2013.11/bin/../lib/gcc/arm-none-eabi/4.8.1/armv6-m\libgcc.a(muldf3.o)
                              ./src/Pid.o (__aeabi_dmul)
p:/docs/cyghome/andy/codesourcery/arm-2013.11/bin/../lib/gcc/arm-none-eabi/4.8.1/armv6-m\libgcc.a(subdf3.o)
                              ./src/Pid.o (__aeabi_dsub)
p:/docs/cyghome/andy/codesourcery/arm-2013.11/bin/../lib/gcc/arm-none-eabi/4.8.1/armv6-m\libgcc.a(fixdfsi.o)
                              ./src/ReflowPage.o (__aeabi_d2iz)
p:/docs/cyghome/andy/codesourcery/arm-2013.11/bin/../lib/gcc/arm-none-eabi/4.8.1/armv6-m\libgcc.a(floatsidf.o)
                              ./src/Reflow.o (__aeabi_i2d)
[...]
Memory Configuration

Name             Origin             Length             Attributes
FLASH            0x08000000         0x00010000         xr
RAM              0x20000000         0x00002000         xrw
MEMORY_B1        0x60000000         0x00000000         xr
*default*        0x00000000         0xffffffff

Linker script and memory map

LOAD p:/docs/cyghome/andy/codesourcery/arm-2013.11/bin/../lib/gcc/arm-none-eabi/4.8.1/armv6-m/crti.o
LOAD p:/docs/cyghome/andy/codesourcery/arm-2013.11/bin/../lib/gcc/arm-none-eabi/4.8.1/armv6-m/crtbegin.o
LOAD ./system/f051/Startup.o
LOAD ./system/f051/System.o
LOAD ./system/LibraryHacks.o
LOAD ./src/AxisNumberWriter.o
LOAD ./src/BlueIntegerWriter.o
LOAD ./src/Buttons.o
LOAD ./src/ControlPage.o
LOAD ./src/Flash.o
LOAD ./src/FlashGraphics.o
LOAD ./src/IntegerNumberWriter.o
LOAD ./src/LeadFreeReflowProfile.o
LOAD ./src/LeadedReflowProfile.o
LOAD ./src/Main.o
LOAD ./src/Max6675TemperatureReader.o
LOAD ./src/NumberWriter.o
LOAD ./src/PageBase.o
LOAD ./src/Panel.o
LOAD ./src/Pid.o
LOAD ./src/Reflow.o
LOAD ./src/ReflowPage.o
LOAD ./src/ReflowParametersStorage.o
LOAD ./src/SplashScreen.o
LOAD ./src/TemperatureNumbers.o
LOAD ./src/TemperatureWriter.o
LOAD P:\docs\source\stm32plus\lib\Debug_f051_48\libstm32plus.a
LOAD p:/docs/cyghome/andy/codesourcery/arm-2013.11/bin/../lib/gcc/arm-none-eabi/4.8.1/../../../../arm-none-eabi/lib/armv6-m\libstdc++.a
LOAD p:/docs/cyghome/andy/codesourcery/arm-2013.11/bin/../lib/gcc/arm-none-eabi/4.8.1/../../../../arm-none-eabi/lib/armv6-m\libm.a
START GROUP
LOAD p:/docs/cyghome/andy/codesourcery/arm-2013.11/bin/../lib/gcc/arm-none-eabi/4.8.1/armv6-m\libgcc.a
LOAD p:/docs/cyghome/andy/codesourcery/arm-2013.11/bin/../lib/gcc/arm-none-eabi/4.8.1/../../../../arm-none-eabi/lib/armv6-m\libc.a
END GROUP
LOAD p:/docs/cyghome/andy/codesourcery/arm-2013.11/bin/../lib/gcc/arm-none-eabi/4.8.1/armv6-m/crtend.o
LOAD p:/docs/cyghome/andy/codesourcery/arm-2013.11/bin/../lib/gcc/arm-none-eabi/4.8.1/armv6-m/crtn.o
                0x20002000                _estack = 0x20002000
                0x00000000                _Min_Heap_Size = 0x0
                0x00000400                _Min_Stack_Size = 0x400

.isr_vector     0x08000000       0xc4
                0x08000000                . = ALIGN (0x4)
 *(.isr_vector)
 .isr_vector    0x08000000       0xc4 ./system/f051/Startup.o
                0x08000000                g_pfnVectors
                0x080000c4                . = ALIGN (0x4)

.text           0x080000c8     0xbcec
                0x080000c8                . = ALIGN (0x4)
 *(.text)
 .text          0x080000c8       0xbc p:/docs/cyghome/andy/codesourcery/arm-2013.11/bin/../lib/gcc/arm-none-eabi/4.8.1/armv6-m/crtbegin.o
 .text          0x08000184       0x9c p:/docs/cyghome/andy/codesourcery/arm-2013.11/bin/../lib/gcc/arm-none-eabi/4.8.1/armv6-m\libgcc.a(_udivsi3.o)
                0x08000184                __aeabi_uidiv
                0x08000184                __udivsi3
                0x0800020c                __aeabi_uidivmod
 .text          0x08000220       0xc0 p:/docs/cyghome/andy/codesourcery/arm-2013.11/bin/../lib/gcc/arm-none-eabi/4.8.1/armv6-m\libgcc.a(_divsi3.o)
                0x08000220                __divsi3
                0x08000220                __aeabi_idiv
                0x080002cc                __aeabi_idivmod
 .text          0x080002e0        0x4 p:/docs/cyghome/andy/codesourcery/arm-2013.11/bin/../lib/gcc/arm-none-eabi/4.8.1/armv6-m\libgcc.a(_dvmd_tls.o)
                0x080002e0                __aeabi_idiv0
                0x080002e0                __aeabi_ldiv0
 .text          0x080002e4       0x7c p:/docs/cyghome/andy/codesourcery/arm-2013.11/bin/../lib/gcc/arm-none-eabi/4.8.1/armv6-m\libgcc.a(_arm_cmpdf2.o)
                0x080002e4                __aeabi_cdrcmple
                0x080002f4                __aeabi_cdcmple
                0x080002f4                __aeabi_cdcmpeq
                0x08000304                __aeabi_dcmpeq
                0x08000310                __aeabi_dcmplt
                0x08000324                __aeabi_dcmple
                0x08000338                __aeabi_dcmpgt
                0x0800034c                __aeabi_dcmpge
 .text          0x08000360       0x40 p:/docs/cyghome/andy/codesourcery/arm-2013.11/bin/../lib/gcc/arm-none-eabi/4.8.1/armv6-m\libgcc.a(_fixunsdfsi.o)
                0x08000360                __aeabi_d2uiz
                0x08000360                __fixunsdfsi
 .text          0x080003a0      0x648 p:/docs/cyghome/andy/codesourcery/arm-2013.11/bin/../lib/gcc/arm-none-eabi/4.8.1/armv6-m\libgcc.a(adddf3.o)
                0x080003a0                __aeabi_dadd
 .text          0x080009e8      0x650 p:/docs/cyghome/andy/codesourcery/arm-2013.11/bin/../lib/gcc/arm-none-eabi/4.8.1/armv6-m\libgcc.a(divdf3.o)
                0x080009e8                __aeabi_ddiv
 .text          0x08001038       0x94 p:/docs/cyghome/andy/codesourcery/arm-2013.11/bin/../lib/gcc/arm-none-eabi/4.8.1/armv6-m\libgcc.a(eqdf2.o)
                0x08001038                __nedf2
                0x08001038                __eqdf2
 .text          0x080010cc       0xf4 p:/docs/cyghome/andy/codesourcery/arm-2013.11/bin/../lib/gcc/arm-none-eabi/4.8.1/armv6-m\libgcc.a(gedf2.o)
                0x080010cc                __gedf2
                0x080010cc                __gtdf2
 .text          0x080011c0      0x108 p:/docs/cyghome/andy/codesourcery/arm-2013.11/bin/../lib/gcc/arm-none-eabi/4.8.1/armv6-m\libgcc.a(ledf2.o)
                0x080011c0                __ledf2
                0x080011c0                __ltdf2
 .text          0x080012c8      0x51c p:/docs/cyghome/andy/codesourcery/arm-2013.11/bin/../lib/gcc/arm-none-eabi/4.8.1/armv6-m\libgcc.a(muldf3.o)
                0x080012c8                __aeabi_dmul
 .text          0x080017e4      0x66c p:/docs/cyghome/andy/codesourcery/arm-2013.11/bin/../lib/gcc/arm-none-eabi/4.8.1/armv6-m\libgcc.a(subdf3.o)
                0x080017e4                __aeabi_dsub
 .text          0x08001e50       0x68 p:/docs/cyghome/andy/codesourcery/arm-2013.11/bin/../lib/gcc/arm-none-eabi/4.8.1/armv6-m\libgcc.a(fixdfsi.o)
                0x08001e50                __aeabi_d2iz
 .text          0x08001eb8       0x7c p:/docs/cyghome/andy/codesourcery/arm-2013.11/bin/../lib/gcc/arm-none-eabi/4.8.1/armv6-m\libgcc.a(floatsidf.o)
                0x08001eb8                __aeabi_i2d
 .text          0x08001f34       0x68 p:/docs/cyghome/andy/codesourcery/arm-2013.11/bin/../lib/gcc/arm-none-eabi/4.8.1/armv6-m\libgcc.a(floatunsidf.o)
                0x08001f34                __aeabi_ui2d
 .text          0x08001f9c       0x3c p:/docs/cyghome/andy/codesourcery/arm-2013.11/bin/../lib/gcc/arm-none-eabi/4.8.1/armv6-m\libgcc.a(_clzsi2.o)
                0x08001f9c                __clzsi2
 .text          0x08001fd8       0x28 p:/docs/cyghome/andy/codesourcery/arm-2013.11/bin/../lib/gcc/arm-none-eabi/4.8.1/../../../../arm-none-eabi/lib/armv6-m\libc.a(lib_a-malloc.o)
                0x08001fd8                malloc
                0x08001fec                free
 .text          0x08002000      0x500 p:/docs/cyghome/andy/codesourcery/arm-2013.11/bin/../lib/gcc/arm-none-eabi/4.8.1/../../../../arm-none-eabi/lib/armv6-m\libc.a(lib_a-mallocr.o)
                0x08002000                _malloc_r
 .text          0x08002500       0x84 p:/docs/cyghome/andy/codesourcery/arm-2013.11/bin/../lib/gcc/arm-none-eabi/4.8.1/../../../../arm-none-eabi/lib/armv6-m\libc.a(lib_a-memcpy-stub.o)
                0x08002500                memcpy
 .text          0x08002584       0xb4 p:/docs/cyghome/andy/codesourcery/arm-2013.11/bin/../lib/gcc/arm-none-eabi/4.8.1/../../../../arm-none-eabi/lib/armv6-m\libc.a(lib_a-memset.o)
                0x08002584                memset
 .text          0x08002638        0x8 p:/docs/cyghome/andy/codesourcery/arm-2013.11/bin/../lib/gcc/arm-none-eabi/4.8.1/../../../../arm-none-eabi/lib/armv6-m\libc.a(lib_a-mlock.o)
                0x08002638                __malloc_lock
                0x0800263c                __malloc_unlock
 .text          0x08002640       0x24 p:/docs/cyghome/andy/codesourcery/arm-2013.11/bin/../lib/gcc/arm-none-eabi/4.8.1/../../../../arm-none-eabi/lib/armv6-m\libc.a(lib_a-sbrkr.o)
                0x08002640                _sbrk_r
 .text          0x08002664      0x230 p:/docs/cyghome/andy/codesourcery/arm-2013.11/bin/../lib/gcc/arm-none-eabi/4.8.1/../../../../arm-none-eabi/lib/armv6-m\libc.a(lib_a-freer.o)
                0x08002664                _malloc_trim_r
                0x08002704                _free_r
 *(.text*)
 .text.Reset_Handler
                0x08002894       0x4c ./system/f051/Startup.o
                0x08002894                Reset_Handler
 .text.Default_Handler
                0x080028e0        0x2 ./system/f051/Startup.o
                0x080028e0                TIM1_CC_IRQHandler
                0x080028e0                HardFault_Handler
                0x080028e0                ADC1_COMP_IRQHandler
                0x080028e0                PVD_IRQHandler
                0x080028e0                PendSV_Handler
                0x080028e0                NMI_Handler
                0x080028e0                I2C1_IRQHandler
                0x080028e0                SPI1_IRQHandler
                0x080028e0                EXTI2_3_IRQHandler
                0x080028e0                I2C2_IRQHandler
                0x080028e0                TIM17_IRQHandler
                0x080028e0                RTC_IRQHandler
                0x080028e0                TIM16_IRQHandler
                0x080028e0                TIM3_IRQHandler
                0x080028e0                EXTI4_15_IRQHandler
                0x080028e0                RCC_IRQHandler
                0x080028e0                DMA1_Channel1_IRQHandler
                0x080028e0                Default_Handler
                0x080028e0                CEC_IRQHandler
                0x080028e0                TIM14_IRQHandler
                0x080028e0                DMA1_Channel4_5_IRQHandler
                0x080028e0                TIM15_IRQHandler
                0x080028e0                EXTI0_1_IRQHandler
                0x080028e0                SPI2_IRQHandler
                0x080028e0                SVC_Handler
                0x080028e0                TS_IRQHandler
                0x080028e0                WWDG_IRQHandler
                0x080028e0                TIM2_IRQHandler
                0x080028e0                DMA1_Channel2_3_IRQHandler
                0x080028e0                USART2_IRQHandler
                0x080028e0                FLASH_IRQHandler
                0x080028e0                USART1_IRQHandler
                0x080028e0                TIM1_BRK_UP_TRG_COM_IRQHandler
 *fill*         0x080028e2        0x2 
 .text.SystemInit
                0x080028e4       0x8c ./system/f051/System.o
                0x080028e4                SystemInit
 .text.SetSysClock
                0x08002970       0x88 ./system/f051/System.o
 .text._Znwj    0x080029f8       0x1c ./system/LibraryHacks.o
                0x080029f8                operator new(unsigned int)
 .text._ZnwjPv  0x08002a14       0x14 ./system/LibraryHacks.o
                0x08002a14                operator new(unsigned int, void*)
 .text._Znaj    0x08002a28       0x1c ./system/LibraryHacks.o
                0x08002a28                operator new[](unsigned int)
 .text._ZdlPv   0x08002a44       0x18 ./system/LibraryHacks.o
                0x08002a44                operator delete(void*)
 .text._ZdaPv   0x08002a5c       0x18 ./system/LibraryHacks.o
                0x08002a5c                operator delete[](void*)
 .text._sbrk    0x08002a74       0x3c ./system/LibraryHacks.o
                0x08002a74                _sbrk
 .text._ZN8awreflow16AxisNumberWriterC2Ev
                0x08002ab0       0x28 ./src/AxisNumberWriter.o
                0x08002ab0                awreflow::AxisNumberWriter::AxisNumberWriter()
                0x08002ab0                awreflow::AxisNumberWriter::AxisNumberWriter()
 .text._ZN9stm32plus12ClockControlILNS_14PeripheralNameE22EE3OffEv
                0x08002ad8       0x14 ./src/BlueIntegerWriter.o
                0x08002ad8                stm32plus::ClockControl<(stm32plus::PeripheralName)22>::Off()
 .text._ZNK9stm32plus3Spi17disablePeripheralEv
                0x08002aec       0x1c ./src/BlueIntegerWriter.o
                0x08002aec                stm32plus::Spi::disablePeripheral() const
 .text._ZN9stm32plus7display5PointC2ERKS1_
                0x08002b08       0x20 ./src/BlueIntegerWriter.o
                0x08002b08                stm32plus::display::Point::Point(stm32plus::display::Point const&)
                0x08002b08                stm32plus::display::Point::Point(stm32plus::display::Point const&)
 .text._ZN9stm32plus7display5Point6assignERKS1_
                0x08002b28       0x20 ./src/BlueIntegerWriter.o
                0x08002b28                stm32plus::display::Point::assign(stm32plus::display::Point const&)
 .text._ZN8awreflow17BlueIntegerWriterC2EmmmRKN9stm32plus7display5PointE
                0x08002b48       0x54 ./src/BlueIntegerWriter.o
                0x08002b48                awreflow::BlueIntegerWriter::BlueIntegerWriter(unsigned long, unsigned long, unsigned long, stm32plus::display::Point const&)
                0x08002b48                awreflow::BlueIntegerWriter::BlueIntegerWriter(unsigned long, unsigned long, unsigned long, stm32plus::display::Point const&)
 .text._ZN8awreflow5FlashD2Ev
                0x08002b9c       0x1c ./src/BlueIntegerWriter.o
                0x08002b9c                awreflow::Flash::~Flash()
                0x08002b9c                awreflow::Flash::~Flash()
 .text._ZN8awreflow13FlashGraphicsD2Ev
                0x08002bb8       0x1c ./src/BlueIntegerWriter.o
                0x08002bb8                awreflow::FlashGraphics::~FlashGraphics()
                0x08002bb8                awreflow::FlashGraphics::~FlashGraphics()
 .text._ZN8awreflow17BlueIntegerWriter6redrawERNS_5PanelE
                0x08002bd4       0x3c ./src/BlueIntegerWriter.o
                0x08002bd4                awreflow::BlueIntegerWriter::redraw(awreflow::Panel&)
 .text._ZN9stm32plus11Spi1_CustomIN8awreflow5FlashEINS_20SpiFifoNotifyFeatureILt4096EEEEED2Ev
                0x08002c10       0x1c ./src/BlueIntegerWriter.o
                0x08002c10                stm32plus::Spi1_Custom<awreflow::Flash, stm32plus::SpiFifoNotifyFeature<(unsigned short)4096> >::~Spi1_Custom()
                0x08002c10                stm32plus::Spi1_Custom<awreflow::Flash, stm32plus::SpiFifoNotifyFeature<(unsigned short)4096> >::~Spi1_Custom()
                0x08002c10                stm32plus::Spi1_Custom<awreflow::Flash, stm32plus::SpiFifoNotifyFeature<(unsigned short)4096> >::~Spi1_Custom()
                0x08002c10                stm32plus::Spi1_Custom<awreflow::Flash, stm32plus::SpiFifoNotifyFeature<(unsigned short)4096> >::~Spi1_Custom()
 .text._ZN9stm32plus10scoped_ptrINS_11Spi1_CustomIN8awreflow5FlashEINS_20SpiFifoNotifyFeatureILt4096EEEEEEED2Ev
                0x08002c2c       0x28 ./src/BlueIntegerWriter.o
                0x08002c2c                stm32plus::scoped_ptr<stm32plus::Spi1_Custom<awreflow::Flash, stm32plus::SpiFifoNotifyFeature<(unsigned short)4096> > >::~scoped_ptr()
                0x08002c2c                stm32plus::scoped_ptr<stm32plus::Spi1_Custom<awreflow::Flash, stm32plus::SpiFifoNotifyFeature<(unsigned short)4096> > >::~scoped_ptr()
                0x08002c2c                stm32plus::scoped_ptr<stm32plus::Spi1_Custom<awreflow::Flash, stm32plus::SpiFifoNotifyFeature<(unsigned short)4096> > >::~scoped_ptr()
                0x08002c2c                stm32plus::scoped_ptr<stm32plus::Spi1_Custom<awreflow::Flash, stm32plus::SpiFifoNotifyFeature<(unsigned short)4096> > >::~scoped_ptr()
 .text._ZN9stm32plus13SpiPeripheralIN8awreflow5FlashELNS_14PeripheralNameE22EED2Ev
                0x08002c54       0x20 ./src/BlueIntegerWriter.o
                0x08002c54                stm32plus::SpiPeripheral<awreflow::Flash, (stm32plus::PeripheralName)22>::~SpiPeripheral()
                0x08002c54                stm32plus::SpiPeripheral<awreflow::Flash, (stm32plus::PeripheralName)22>::~SpiPeripheral()
 .text._ZN9stm32plus12ClockControlILNS_14PeripheralNameE33EE2OnEv
                0x08002c74       0x10 ./src/Buttons.o
                0x08002c74                stm32plus::ClockControl<(stm32plus::PeripheralName)33>::On()
 .text._ZN9stm32plus12GpioPortBaseC2EP12GPIO_TypeDef
                0x08002c84       0x1c ./src/Buttons.o
                0x08002c84                stm32plus::GpioPortBase::GpioPortBase(GPIO_TypeDef*)
                0x08002c84                stm32plus::GpioPortBase::GpioPortBase(GPIO_TypeDef*)
 .text._ZN9stm32plus12GpioPortBase13setPinHandlerEhPNS_4GpioE
                0x08002ca0       0x28 ./src/Buttons.o
                0x08002ca0                stm32plus::GpioPortBase::setPinHandler(unsigned char, stm32plus::Gpio*)
 .text._ZNK9stm32plus12GpioPortBase20getPeripheralAddressEv
                0x08002cc8       0x14 ./src/Buttons.o
                0x08002cc8                stm32plus::GpioPortBase::getPeripheralAddress() const
 .text._ZN9stm32plus4GpioC2ERNS_12GpioPortBaseE
                0x08002cdc       0x28 ./src/Buttons.o
                0x08002cdc                stm32plus::Gpio::Gpio(stm32plus::GpioPortBase&)
                0x08002cdc                stm32plus::Gpio::Gpio(stm32plus::GpioPortBase&)
 .text._ZNK9stm32plus4Gpio14getSelectedPinEv
                0x08002d04       0x14 ./src/Buttons.o
                0x08002d04                stm32plus::Gpio::getSelectedPin() const
 .text._ZNK9stm32plus4Gpio20getPeripheralAddressEv
                0x08002d18       0x14 ./src/Buttons.o
                0x08002d18                stm32plus::Gpio::getPeripheralAddress() const
 .text._ZN9stm32plus4Gpio14setSelectedPinEh
                0x08002d2c       0x28 ./src/Buttons.o
                0x08002d2c                stm32plus::Gpio::setSelectedPin(unsigned char)
 .text._ZN9stm32plus10gpioHelper13getPeripheralILm1207961600EEEmv
                0x08002d54       0x10 ./src/Buttons.o
                0x08002d54                unsigned long stm32plus::gpioHelper::getPeripheral<1207961600ul>()
 .text._ZN9stm32plus10gpioHelper13getPeripheralILm1207964672EEEmv
                0x08002d64       0x10 ./src/Buttons.o
                0x08002d64                unsigned long stm32plus::gpioHelper::getPeripheral<1207964672ul>()
 .text._ZN9stm32plus10GpioPinRefC2Ev
                0x08002d74       0x14 ./src/Buttons.o
                0x08002d74                stm32plus::GpioPinRef::GpioPinRef()
                0x08002d74                stm32plus::GpioPinRef::GpioPinRef()
 .text._ZN9stm32plus10GpioPinRefC2ERKNS_4GpioE
                0x08002d88       0x34 ./src/Buttons.o
                0x08002d88                stm32plus::GpioPinRef::GpioPinRef(stm32plus::Gpio const&)
                0x08002d88                stm32plus::GpioPinRef::GpioPinRef(stm32plus::Gpio const&)
 .text._ZNK9stm32plus10GpioPinRef4readEv
                0x08002dbc       0x28 ./src/Buttons.o
                0x08002dbc                stm32plus::GpioPinRef::read() const
 .text._ZN9stm32plus4Nvic12configureIrqEh15FunctionalStatehh
                0x08002de4       0x4c ./src/Buttons.o
                0x08002de4                stm32plus::Nvic::configureIrq(unsigned char, FunctionalState, unsigned char, unsigned char)
 .text._ZSt17__slist_make_linkPSt16_Slist_node_baseS0_
                0x08002e30       0x24 ./src/Buttons.o
                0x08002e30                std::__slist_make_link(std::_Slist_node_base*, std::_Slist_node_base*)
 .text._ZNSt20_Slist_iterator_baseC2EPSt16_Slist_node_base
                0x08002e54       0x1c ./src/Buttons.o
                0x08002e54                std::_Slist_iterator_base::_Slist_iterator_base(std::_Slist_node_base*)
                0x08002e54                std::_Slist_iterator_base::_Slist_iterator_base(std::_Slist_node_base*)
 .text._ZNSt20_Slist_iterator_base7_M_incrEv
                0x08002e70       0x18 ./src/Buttons.o
                0x08002e70                std::_Slist_iterator_base::_M_incr()
 .text._ZNKSt20_Slist_iterator_baseneERKS_
                0x08002e88       0x24 ./src/Buttons.o
                0x08002e88                std::_Slist_iterator_base::operator!=(std::_Slist_iterator_base const&) const
 .text._ZN12fastdelegate15DelegateMementoC2Ev
                0x08002eac       0x24 ./src/Buttons.o
                0x08002eac                fastdelegate::DelegateMemento::DelegateMemento()
                0x08002eac                fastdelegate::DelegateMemento::DelegateMemento()
 .text._ZN12fastdelegate15DelegateMemento14SetMementoFromERKS0_
                0x08002ed0       0x24 ./src/Buttons.o
                0x08002ed0                fastdelegate::DelegateMemento::SetMementoFrom(fastdelegate::DelegateMemento const&)
 .text._ZN9stm32plus5TimerC2EP11TIM_TypeDef
                0x08002ef4       0x24 ./src/Buttons.o
                0x08002ef4                stm32plus::Timer::Timer(TIM_TypeDef*)
                0x08002ef4                stm32plus::Timer::Timer(TIM_TypeDef*)
 .text._ZN9stm32plus5Timer18initialiseTimeBaseEmttt
                0x08002f18       0x4c ./src/Buttons.o
                0x08002f18                stm32plus::Timer::initialiseTimeBase(unsigned long, unsigned short, unsigned short, unsigned short)
 .text._ZN9stm32plus5Timer22setTimeBaseByFrequencyEmmt
                0x08002f64       0x44 ./src/Buttons.o
                0x08002f64                stm32plus::Timer::setTimeBaseByFrequency(unsigned long, unsigned long, unsigned short)
 .text._ZN9stm32plus5Timer8setClockEm
                0x08002fa8       0x18 ./src/Buttons.o
                0x08002fa8                stm32plus::Timer::setClock(unsigned long)
 .text._ZN9stm32plus5TimercvP11TIM_TypeDefEv
                0x08002fc0       0x14 ./src/Buttons.o
                0x08002fc0                stm32plus::Timer::operator TIM_TypeDef*()
 .text._ZNK9stm32plus5Timer16enablePeripheralEv
                0x08002fd4       0x1c ./src/Buttons.o
                0x08002fd4                stm32plus::Timer::enablePeripheral() const
 .text._ZN9stm32plus16TimerFeatureBaseC2ERNS_5TimerE
                0x08002ff0       0x1c ./src/Buttons.o
                0x08002ff0                stm32plus::TimerFeatureBase::TimerFeatureBase(stm32plus::Timer&)
                0x08002ff0                stm32plus::TimerFeatureBase::TimerFeatureBase(stm32plus::Timer&)
 .text._ZN9stm32plus28TimerInterruptFeatureEnablerILh6EE6enableEthh
                0x0800300c       0x40 ./src/Buttons.o
                0x0800300c                stm32plus::TimerInterruptFeatureEnabler<(unsigned char)6>::enable(unsigned short, unsigned char, unsigned char)
 .text._ZN9stm32plus25TimerInternalClockFeatureC2ERNS_5TimerE
                0x0800304c       0x9c ./src/Buttons.o
                0x0800304c                stm32plus::TimerInternalClockFeature::TimerInternalClockFeature(stm32plus::Timer&)
                0x0800304c                stm32plus::TimerInternalClockFeature::TimerInternalClockFeature(stm32plus::Timer&)
 .text._ZN4wink6signalINS_4slotIFvN8awreflow16ButtonIdentifierEEEEEC2Ev
                0x080030e8       0x34 ./src/Buttons.o
                0x080030e8                wink::signal<wink::slot<void (awreflow::ButtonIdentifier)> >::signal()
                0x080030e8                wink::signal<wink::slot<void (awreflow::ButtonIdentifier)> >::signal()
 .text._ZN8awreflow7ButtonsC2Ev
                0x0800311c      0x1a0 ./src/Buttons.o
                0x0800311c                awreflow::Buttons::Buttons()
                0x0800311c                awreflow::Buttons::Buttons()
 .text._ZN8awreflow7Buttons11onInterruptEN9stm32plus14TimerEventTypeEh
                0x080032bc      0x1ac ./src/Buttons.o
                0x080032bc                awreflow::Buttons::onInterrupt(stm32plus::TimerEventType, unsigned char)
 .text._ZNSaIN4wink4slotIFvN8awreflow16ButtonIdentifierEEEEEC2Ev
                0x08003468       0x14 ./src/Buttons.o
                0x08003468                std::allocator<wink::slot<void (awreflow::ButtonIdentifier)> >::allocator()
                0x08003468                std::allocator<wink::slot<void (awreflow::ButtonIdentifier)> >::allocator()
 .text._ZNSaIN4wink4slotIFvN8awreflow16ButtonIdentifierEEEEED2Ev
                0x0800347c       0x14 ./src/Buttons.o
                0x0800347c                std::allocator<wink::slot<void (awreflow::ButtonIdentifier)> >::~allocator()
                0x0800347c                std::allocator<wink::slot<void (awreflow::ButtonIdentifier)> >::~allocator()
 .text._ZNSt5slistIN4wink4slotIFvN8awreflow16ButtonIdentifierEEEESaIS5_EEC2ERKS6_
                0x08003490       0x20 ./src/Buttons.o
                0x08003490                std::slist<wink::slot<void (awreflow::ButtonIdentifier)>, std::allocator<wink::slot<void (awreflow::ButtonIdentifier)> > >::slist(std::allocator<wink::slot<void (awreflow::ButtonIdentifier)> > const&)
                0x08003490                std::slist<wink::slot<void (awreflow::ButtonIdentifier)>, std::allocator<wink::slot<void (awreflow::ButtonIdentifier)> > >::slist(std::allocator<wink::slot<void (awreflow::ButtonIdentifier)> > const&)
 .text._ZN9stm32plus6Timer6IINS_25TimerInternalClockFeatureENS_21TimerInterruptFeatureILh6EEEEEC2Ev
                0x080034b0       0x44 ./src/Buttons.o
                0x080034b0                stm32plus::Timer6<stm32plus::TimerInternalClockFeature, stm32plus::TimerInterruptFeature<(unsigned char)6> >::Timer6()
                0x080034b0                stm32plus::Timer6<stm32plus::TimerInternalClockFeature, stm32plus::TimerInterruptFeature<(unsigned char)6> >::Timer6()
                0x080034b0                stm32plus::Timer6<stm32plus::TimerInternalClockFeature, stm32plus::TimerInterruptFeature<(unsigned char)6> >::Timer6()
                0x080034b0                stm32plus::Timer6<stm32plus::TimerInternalClockFeature, stm32plus::TimerInterruptFeature<(unsigned char)6> >::Timer6()
 .text._ZN9stm32plus8GpioPortILm1207964672EINS_19DigitalInputFeatureIL17GPIOSpeed_TypeDef3ELNS_4Gpio18GpioPullUpDownTypeE0EILh0ELh1EEEEEEC2Ev
                0x080034f4       0x38 ./src/Buttons.o
                0x080034f4                stm32plus::GpioPort<1207964672ul, stm32plus::DigitalInputFeature<(GPIOSpeed_TypeDef)3, (stm32plus::Gpio::GpioPullUpDownType)0, (unsigned char)0, (unsigned char)1> >::GpioPort()
                0x080034f4                stm32plus::GpioPort<1207964672ul, stm32plus::DigitalInputFeature<(GPIOSpeed_TypeDef)3, (stm32plus::Gpio::GpioPullUpDownType)0, (unsigned char)0, (unsigned char)1> >::GpioPort()
                0x080034f4                stm32plus::GpioPort<1207964672ul, stm32plus::DigitalInputFeature<(GPIOSpeed_TypeDef)3, (stm32plus::Gpio::GpioPullUpDownType)0, (unsigned char)0, (unsigned char)1> >::GpioPort()
                0x080034f4                stm32plus::GpioPort<1207964672ul, stm32plus::DigitalInputFeature<(GPIOSpeed_TypeDef)3, (stm32plus::Gpio::GpioPullUpDownType)0, (unsigned char)0, (unsigned char)1> >::GpioPort()
 .text._ZN9stm32plus8GpioPortILm1207964672EINS_19DigitalInputFeatureIL17GPIOSpeed_TypeDef3ELNS_4Gpio18GpioPullUpDownTypeE0EILh0ELh1EEEEEEixEh
                0x0800352c       0x38 ./src/Buttons.o
                0x0800352c                stm32plus::GpioPort<1207964672ul, stm32plus::DigitalInputFeature<(GPIOSpeed_TypeDef)3, (stm32plus::Gpio::GpioPullUpDownType)0, (unsigned char)0, (unsigned char)1> >::operator[](unsigned char)
                0x0800352c                stm32plus::GpioPort<1207964672ul, stm32plus::DigitalInputFeature<(GPIOSpeed_TypeDef)3, (stm32plus::Gpio::GpioPullUpDownType)0, (unsigned char)0, (unsigned char)1> >::operator[](unsigned char)
 .text._ZN9stm32plus8GpioPortILm1207961600EINS_19DigitalInputFeatureIL17GPIOSpeed_TypeDef3ELNS_4Gpio18GpioPullUpDownTypeE0EILh14EEEEEEC2Ev
                0x08003564       0x38 ./src/Buttons.o
                0x08003564                stm32plus::GpioPort<1207961600ul, stm32plus::DigitalInputFeature<(GPIOSpeed_TypeDef)3, (stm32plus::Gpio::GpioPullUpDownType)0, (unsigned char)14> >::GpioPort()
                0x08003564                stm32plus::GpioPort<1207961600ul, stm32plus::DigitalInputFeature<(GPIOSpeed_TypeDef)3, (stm32plus::Gpio::GpioPullUpDownType)0, (unsigned char)14> >::GpioPort()
                0x08003564                stm32plus::GpioPort<1207961600ul, stm32plus::DigitalInputFeature<(GPIOSpeed_TypeDef)3, (stm32plus::Gpio::GpioPullUpDownType)0, (unsigned char)14> >::GpioPort()
                0x08003564                stm32plus::GpioPort<1207961600ul, stm32plus::DigitalInputFeature<(GPIOSpeed_TypeDef)3, (stm32plus::Gpio::GpioPullUpDownType)0, (unsigned char)14> >::GpioPort()
 .text._ZN9stm32plus8GpioPortILm1207961600EINS_19DigitalInputFeatureIL17GPIOSpeed_TypeDef3ELNS_4Gpio18GpioPullUpDownTypeE0EILh14EEEEEEixEh
                0x0800359c       0x38 ./src/Buttons.o
                0x0800359c                stm32plus::GpioPort<1207961600ul, stm32plus::DigitalInputFeature<(GPIOSpeed_TypeDef)3, (stm32plus::Gpio::GpioPullUpDownType)0, (unsigned char)14> >::operator[](unsigned char)
                0x0800359c                stm32plus::GpioPort<1207961600ul, stm32plus::DigitalInputFeature<(GPIOSpeed_TypeDef)3, (stm32plus::Gpio::GpioPullUpDownType)0, (unsigned char)14> >::operator[](unsigned char)
 .text._ZN4wink4slotIFvN9stm32plus14TimerEventTypeEhEE4bindIN8awreflow7ButtonsEMS7_FvS2_hEEES4_PT_T0_
                0x080035d4       0x2c ./src/Buttons.o
                0x080035d4                wink::slot<void (stm32plus::TimerEventType, unsigned char)> wink::slot<void (stm32plus::TimerEventType, unsigned char)>::bind<awreflow::Buttons, void (awreflow::Buttons::*)(stm32plus::TimerEventType, unsigned char)>(awreflow::Buttons*, void (awreflow::Buttons::*)(stm32plus::TimerEventType, unsigned char))
 .text._ZN4wink4slotIFvN9stm32plus14TimerEventTypeEhEED2Ev
                0x08003600       0x14 ./src/Buttons.o
                0x08003600                wink::slot<void (stm32plus::TimerEventType, unsigned char)>::~slot()
                0x08003600                wink::slot<void (stm32plus::TimerEventType, unsigned char)>::~slot()
 .text._ZN4wink6signalINS_4slotIFvN9stm32plus14TimerEventTypeEhEEEE16insertSubscriberERKS5_
                0x08003614       0x1c ./src/Buttons.o
                0x08003614                wink::signal<wink::slot<void (stm32plus::TimerEventType, unsigned char)> >::insertSubscriber(wink::slot<void (stm32plus::TimerEventType, unsigned char)> const&)
 .text._ZN9stm32plus21TimerInterruptFeatureILh6EE16enableInterruptsEt
                0x08003630       0x50 ./src/Buttons.o
                0x08003630                stm32plus::TimerInterruptFeature<(unsigned char)6>::enableInterrupts(unsigned short)
 .text._ZNK4wink6signalINS_4slotIFvN8awreflow16ButtonIdentifierEEEEE10raiseEventIIS3_EEEvDpOT_
                0x08003680       0x64 ./src/Buttons.o
                0x08003680                void wink::signal<wink::slot<void (awreflow::ButtonIdentifier)> >::raiseEvent<awreflow::ButtonIdentifier>(awreflow::ButtonIdentifier&&) const
                0x08003680                void wink::signal<wink::slot<void (awreflow::ButtonIdentifier)> >::raiseEvent<awreflow::ButtonIdentifier>(awreflow::ButtonIdentifier&&) const
 .text._ZNSt11_Slist_baseIN4wink4slotIFvN8awreflow16ButtonIdentifierEEEESaIS5_EEC2ERKS6_
                0x080036e4       0x28 ./src/Buttons.o
                0x080036e4                std::_Slist_base<wink::slot<void (awreflow::ButtonIdentifier)>, std::allocator<wink::slot<void (awreflow::ButtonIdentifier)> > >::_Slist_base(std::allocator<wink::slot<void (awreflow::ButtonIdentifier)> > const&)
                0x080036e4                std::_Slist_base<wink::slot<void (awreflow::ButtonIdentifier)>, std::allocator<wink::slot<void (awreflow::ButtonIdentifier)> > >::_Slist_base(std::allocator<wink::slot<void (awreflow::ButtonIdentifier)> > const&)
 .text._ZN9stm32plus10BasicTimerINS_6Timer6IINS_25TimerInternalClockFeatureENS_21TimerInterruptFeatureILh6EEEEEELNS_14PeripheralNameE33EEC2EP11TIM_TypeDef
                0x0800370c       0x20 ./src/Buttons.o
                0x0800370c                stm32plus::BasicTimer<stm32plus::Timer6<stm32plus::TimerInternalClockFeature, stm32plus::TimerInterruptFeature<(unsigned char)6> >, (stm32plus::PeripheralName)33>::BasicTimer(TIM_TypeDef*)
                0x0800370c                stm32plus::BasicTimer<stm32plus::Timer6<stm32plus::TimerInternalClockFeature, stm32plus::TimerInterruptFeature<(unsigned char)6> >, (stm32plus::PeripheralName)33>::BasicTimer(TIM_TypeDef*)
                0x0800370c                stm32plus::BasicTimer<stm32plus::Timer6<stm32plus::TimerInternalClockFeature, stm32plus::TimerInterruptFeature<(unsigned char)6> >, (stm32plus::PeripheralName)33>::BasicTimer(TIM_TypeDef*)
                0x0800370c                stm32plus::BasicTimer<stm32plus::Timer6<stm32plus::TimerInternalClockFeature, stm32plus::TimerInterruptFeature<(unsigned char)6> >, (stm32plus::PeripheralName)33>::BasicTimer(TIM_TypeDef*)
 .text._ZN4wink6signalINS_4slotIFvN9stm32plus14TimerEventTypeEhEEEEC2Ev
                0x0800372c       0x34 ./src/Buttons.o
                0x0800372c                wink::signal<wink::slot<void (stm32plus::TimerEventType, unsigned char)> >::signal()
                0x0800372c                wink::signal<wink::slot<void (stm32plus::TimerEventType, unsigned char)> >::signal()
 .text._ZN9stm32plus16TimerEventSourceC2Ev
                0x08003760       0x1c ./src/Buttons.o
                0x08003760                stm32plus::TimerEventSource::TimerEventSource()
                0x08003760                stm32plus::TimerEventSource::TimerEventSource()
 .text._ZN9stm32plus21TimerInterruptFeatureILh6EEC2ERNS_5TimerE
                0x0800377c       0x44 ./src/Buttons.o
                0x0800377c                stm32plus::TimerInterruptFeature<(unsigned char)6>::TimerInterruptFeature(stm32plus::Timer&)
                0x0800377c                stm32plus::TimerInterruptFeature<(unsigned char)6>::TimerInterruptFeature(stm32plus::Timer&)
 .text._ZN9stm32plus8GpioPortILm1207964672EINS_19DigitalInputFeatureIL17GPIOSpeed_TypeDef3ELNS_4Gpio18GpioPullUpDownTypeE0EILh0ELh1EEEEEE9initClockEv
                0x080037c0       0x24 ./src/Buttons.o
                0x080037c0                stm32plus::GpioPort<1207964672ul, stm32plus::DigitalInputFeature<(GPIOSpeed_TypeDef)3, (stm32plus::Gpio::GpioPullUpDownType)0, (unsigned char)0, (unsigned char)1> >::initClock()
                0x080037c0                stm32plus::GpioPort<1207964672ul, stm32plus::DigitalInputFeature<(GPIOSpeed_TypeDef)3, (stm32plus::Gpio::GpioPullUpDownType)0, (unsigned char)0, (unsigned char)1> >::initClock()
 .text._ZN9stm32plus19DigitalInputFeatureIL17GPIOSpeed_TypeDef3ELNS_4Gpio18GpioPullUpDownTypeE0EILh0ELh1EEEC2ERNS_12GpioPortBaseE
                0x080037e4       0x40 ./src/Buttons.o
                0x080037e4                stm32plus::DigitalInputFeature<(GPIOSpeed_TypeDef)3, (stm32plus::Gpio::GpioPullUpDownType)0, (unsigned char)0, (unsigned char)1>::DigitalInputFeature(stm32plus::GpioPortBase&)
                0x080037e4                stm32plus::DigitalInputFeature<(GPIOSpeed_TypeDef)3, (stm32plus::Gpio::GpioPullUpDownType)0, (unsigned char)0, (unsigned char)1>::DigitalInputFeature(stm32plus::GpioPortBase&)
                0x080037e4                stm32plus::DigitalInputFeature<(GPIOSpeed_TypeDef)3, (stm32plus::Gpio::GpioPullUpDownType)0, (unsigned char)0, (unsigned char)1>::DigitalInputFeature(stm32plus::GpioPortBase&)
                0x080037e4                stm32plus::DigitalInputFeature<(GPIOSpeed_TypeDef)3, (stm32plus::Gpio::GpioPullUpDownType)0, (unsigned char)0, (unsigned char)1>::DigitalInputFeature(stm32plus::GpioPortBase&)
 .text._ZN9stm32plus8GpioPortILm1207961600EINS_19DigitalInputFeatureIL17GPIOSpeed_TypeDef3ELNS_4Gpio18GpioPullUpDownTypeE0EILh14EEEEEE9initClockEv
                0x08003824       0x24 ./src/Buttons.o
                0x08003824                stm32plus::GpioPort<1207961600ul, stm32plus::DigitalInputFeature<(GPIOSpeed_TypeDef)3, (stm32plus::Gpio::GpioPullUpDownType)0, (unsigned char)14> >::initClock()
                0x08003824                stm32plus::GpioPort<1207961600ul, stm32plus::DigitalInputFeature<(GPIOSpeed_TypeDef)3, (stm32plus::Gpio::GpioPullUpDownType)0, (unsigned char)14> >::initClock()
 .text._ZN9stm32plus19DigitalInputFeatureIL17GPIOSpeed_TypeDef3ELNS_4Gpio18GpioPullUpDownTypeE0EILh14EEEC2ERNS_12GpioPortBaseE
                0x08003848       0x40 ./src/Buttons.o
                0x08003848                stm32plus::DigitalInputFeature<(GPIOSpeed_TypeDef)3, (stm32plus::Gpio::GpioPullUpDownType)0, (unsigned char)14>::DigitalInputFeature(stm32plus::GpioPortBase&)
                0x08003848                stm32plus::DigitalInputFeature<(GPIOSpeed_TypeDef)3, (stm32plus::Gpio::GpioPullUpDownType)0, (unsigned char)14>::DigitalInputFeature(stm32plus::GpioPortBase&)
                0x08003848                stm32plus::DigitalInputFeature<(GPIOSpeed_TypeDef)3, (stm32plus::Gpio::GpioPullUpDownType)0, (unsigned char)14>::DigitalInputFeature(stm32plus::GpioPortBase&)
                0x08003848                stm32plus::DigitalInputFeature<(GPIOSpeed_TypeDef)3, (stm32plus::Gpio::GpioPullUpDownType)0, (unsigned char)14>::DigitalInputFeature(stm32plus::GpioPortBase&)
 .text._ZN4wink4slotIFvN9stm32plus14TimerEventTypeEhEEC2IN8awreflow7ButtonsEMS7_FvS2_hEEEPT_T0_
                0x08003888       0x2c ./src/Buttons.o
                0x08003888                wink::slot<void (stm32plus::TimerEventType, unsigned char)>::slot<awreflow::Buttons, void (awreflow::Buttons::*)(stm32plus::TimerEventType, unsigned char)>(awreflow::Buttons*, void (awreflow::Buttons::*)(stm32plus::TimerEventType, unsigned char))
                0x08003888                wink::slot<void (stm32plus::TimerEventType, unsigned char)>::slot<awreflow::Buttons, void (awreflow::Buttons::*)(stm32plus::TimerEventType, unsigned char)>(awreflow::Buttons*, void (awreflow::Buttons::*)(stm32plus::TimerEventType, unsigned char))
 .text._ZN12fastdelegate12FastDelegateIFvN9stm32plus14TimerEventTypeEhEEC2ERKS4_
                0x080038b4       0x20 ./src/Buttons.o
                0x080038b4                fastdelegate::FastDelegate<void (stm32plus::TimerEventType, unsigned char)>::FastDelegate(fastdelegate::FastDelegate<void (stm32plus::TimerEventType, unsigned char)> const&)
                0x080038b4                fastdelegate::FastDelegate<void (stm32plus::TimerEventType, unsigned char)>::FastDelegate(fastdelegate::FastDelegate<void (stm32plus::TimerEventType, unsigned char)> const&)
 .text._ZN4wink4slotIFvN9stm32plus14TimerEventTypeEhEEC2ERKS4_
                0x080038d4       0x20 ./src/Buttons.o
                0x080038d4                wink::slot<void (stm32plus::TimerEventType, unsigned char)>::slot(wink::slot<void (stm32plus::TimerEventType, unsigned char)> const&)
                0x080038d4                wink::slot<void (stm32plus::TimerEventType, unsigned char)>::slot(wink::slot<void (stm32plus::TimerEventType, unsigned char)> const&)
 .text._ZNSt5slistIN4wink4slotIFvN9stm32plus14TimerEventTypeEhEEESaIS5_EE10push_frontERKS5_
                0x080038f4       0x28 ./src/Buttons.o
                0x080038f4                std::slist<wink::slot<void (stm32plus::TimerEventType, unsigned char)>, std::allocator<wink::slot<void (stm32plus::TimerEventType, unsigned char)> > >::push_front(wink::slot<void (stm32plus::TimerEventType, unsigned char)> const&)
 .text._ZNKSt5slistIN4wink4slotIFvN8awreflow16ButtonIdentifierEEEESaIS5_EE5beginEv
                0x0800391c       0x24 ./src/Buttons.o
                0x0800391c                std::slist<wink::slot<void (awreflow::ButtonIdentifier)>, std::allocator<wink::slot<void (awreflow::ButtonIdentifier)> > >::begin() const
 .text._ZNKSt5slistIN4wink4slotIFvN8awreflow16ButtonIdentifierEEEESaIS5_EE3endEv
                0x08003940       0x20 ./src/Buttons.o
                0x08003940                std::slist<wink::slot<void (awreflow::ButtonIdentifier)>, std::allocator<wink::slot<void (awreflow::ButtonIdentifier)> > >::end() const
 .text._ZNSt15_Slist_iteratorIN4wink4slotIFvN8awreflow16ButtonIdentifierEEEERKS5_PS6_EppEi
                0x08003960       0x24 ./src/Buttons.o
                0x08003960                std::_Slist_iterator<wink::slot<void (awreflow::ButtonIdentifier)>, wink::slot<void (awreflow::ButtonIdentifier)> const&, wink::slot<void (awreflow::ButtonIdentifier)> const*>::operator++(int)
 .text._ZNKSt15_Slist_iteratorIN4wink4slotIFvN8awreflow16ButtonIdentifierEEEERKS5_PS6_EdeEv
                0x08003984       0x18 ./src/Buttons.o
                0x08003984                std::_Slist_iterator<wink::slot<void (awreflow::ButtonIdentifier)>, wink::slot<void (awreflow::ButtonIdentifier)> const&, wink::slot<void (awreflow::ButtonIdentifier)> const*>::operator*() const
 .text._ZNK4wink4slotIFvN8awreflow16ButtonIdentifierEEEclIIRS2_EEEvDpOT_
                0x0800399c       0x20 ./src/Buttons.o
                0x0800399c                void wink::slot<void (awreflow::ButtonIdentifier)>::operator()<awreflow::ButtonIdentifier&>(awreflow::ButtonIdentifier&) const
                0x0800399c                void wink::slot<void (awreflow::ButtonIdentifier)>::operator()<awreflow::ButtonIdentifier&>(awreflow::ButtonIdentifier&) const
 .text._ZNSt17_Slist_alloc_baseIN4wink4slotIFvN8awreflow16ButtonIdentifierEEEESaIS5_ELb1EEC2ERKS6_
                0x080039bc       0x14 ./src/Buttons.o
                0x080039bc                std::_Slist_alloc_base<wink::slot<void (awreflow::ButtonIdentifier)>, std::allocator<wink::slot<void (awreflow::ButtonIdentifier)> >, true>::_Slist_alloc_base(std::allocator<wink::slot<void (awreflow::ButtonIdentifier)> > const&)
                0x080039bc                std::_Slist_alloc_base<wink::slot<void (awreflow::ButtonIdentifier)>, std::allocator<wink::slot<void (awreflow::ButtonIdentifier)> >, true>::_Slist_alloc_base(std::allocator<wink::slot<void (awreflow::ButtonIdentifier)> > const&)
 .text._ZN9stm32plus15TimerPeripheralINS_6Timer6IINS_25TimerInternalClockFeatureENS_21TimerInterruptFeatureILh6EEEEEELNS_14PeripheralNameE33EEC2EP11TIM_TypeDef
                0x080039d0       0x30 ./src/Buttons.o
                0x080039d0                stm32plus::TimerPeripheral<stm32plus::Timer6<stm32plus::TimerInternalClockFeature, stm32plus::TimerInterruptFeature<(unsigned char)6> >, (stm32plus::PeripheralName)33>::TimerPeripheral(TIM_TypeDef*)
                0x080039d0                stm32plus::TimerPeripheral<stm32plus::Timer6<stm32plus::TimerInternalClockFeature, stm32plus::TimerInterruptFeature<(unsigned char)6> >, (stm32plus::PeripheralName)33>::TimerPeripheral(TIM_TypeDef*)
                0x080039d0                stm32plus::TimerPeripheral<stm32plus::Timer6<stm32plus::TimerInternalClockFeature, stm32plus::TimerInterruptFeature<(unsigned char)6> >, (stm32plus::PeripheralName)33>::TimerPeripheral(TIM_TypeDef*)
                0x080039d0                stm32plus::TimerPeripheral<stm32plus::Timer6<stm32plus::TimerInternalClockFeature, stm32plus::TimerInterruptFeature<(unsigned char)6> >, (stm32plus::PeripheralName)33>::TimerPeripheral(TIM_TypeDef*)
 .text._ZNSaIN4wink4slotIFvN9stm32plus14TimerEventTypeEhEEEEC2Ev
                0x08003a00       0x14 ./src/Buttons.o
                0x08003a00                std::allocator<wink::slot<void (stm32plus::TimerEventType, unsigned char)> >::allocator()
                0x08003a00                std::allocator<wink::slot<void (stm32plus::TimerEventType, unsigned char)> >::allocator()
 .text._ZNSaIN4wink4slotIFvN9stm32plus14TimerEventTypeEhEEEED2Ev
                0x08003a14       0x14 ./src/Buttons.o
                0x08003a14                std::allocator<wink::slot<void (stm32plus::TimerEventType, unsigned char)> >::~allocator()
                0x08003a14                std::allocator<wink::slot<void (stm32plus::TimerEventType, unsigned char)> >::~allocator()
 .text._ZNSt5slistIN4wink4slotIFvN9stm32plus14TimerEventTypeEhEEESaIS5_EEC2ERKS6_
                0x08003a28       0x20 ./src/Buttons.o
                0x08003a28                std::slist<wink::slot<void (stm32plus::TimerEventType, unsigned char)>, std::allocator<wink::slot<void (stm32plus::TimerEventType, unsigned char)> > >::slist(std::allocator<wink::slot<void (stm32plus::TimerEventType, unsigned char)> > const&)
                0x08003a28                std::slist<wink::slot<void (stm32plus::TimerEventType, unsigned char)>, std::allocator<wink::slot<void (stm32plus::TimerEventType, unsigned char)> > >::slist(std::allocator<wink::slot<void (stm32plus::TimerEventType, unsigned char)> > const&)
 .text._ZN9stm32plus12_GLOBAL__N_112GpioPinMergeILh0ELh1EIEEEvRm
                0x08003a48       0x24 ./src/Buttons.o
 .text._ZN9stm32plus19DigitalInputFeatureIL17GPIOSpeed_TypeDef3ELNS_4Gpio18GpioPullUpDownTypeE0EILh0ELh1EEE10initialiseEtS1_S3_
                0x08003a6c       0xc0 ./src/Buttons.o
                0x08003a6c                stm32plus::DigitalInputFeature<(GPIOSpeed_TypeDef)3, (stm32plus::Gpio::GpioPullUpDownType)0, (unsigned char)0, (unsigned char)1>::initialise(unsigned short, GPIOSpeed_TypeDef, stm32plus::Gpio::GpioPullUpDownType)
                0x08003a6c                stm32plus::DigitalInputFeature<(GPIOSpeed_TypeDef)3, (stm32plus::Gpio::GpioPullUpDownType)0, (unsigned char)0, (unsigned char)1>::initialise(unsigned short, GPIOSpeed_TypeDef, stm32plus::Gpio::GpioPullUpDownType)
 .text._ZN9stm32plus12_GLOBAL__N_112GpioPinMergeILh14EEEvRm
                0x08003b2c       0x1c ./src/Buttons.o
 .text._ZN9stm32plus19DigitalInputFeatureIL17GPIOSpeed_TypeDef3ELNS_4Gpio18GpioPullUpDownTypeE0EILh14EEE10initialiseEtS1_S3_
                0x08003b48       0xc0 ./src/Buttons.o
                0x08003b48                stm32plus::DigitalInputFeature<(GPIOSpeed_TypeDef)3, (stm32plus::Gpio::GpioPullUpDownType)0, (unsigned char)14>::initialise(unsigned short, GPIOSpeed_TypeDef, stm32plus::Gpio::GpioPullUpDownType)
                0x08003b48                stm32plus::DigitalInputFeature<(GPIOSpeed_TypeDef)3, (stm32plus::Gpio::GpioPullUpDownType)0, (unsigned char)14>::initialise(unsigned short, GPIOSpeed_TypeDef, stm32plus::Gpio::GpioPullUpDownType)
 .text._ZN12fastdelegate12FastDelegateIFvN9stm32plus14TimerEventTypeEhEEC2IN8awreflow7ButtonsES7_EEPT0_MT_FvS2_hE
                0x08003c08       0x2c ./src/Buttons.o
                0x08003c08                fastdelegate::FastDelegate<void (stm32plus::TimerEventType, unsigned char)>::FastDelegate<awreflow::Buttons, awreflow::Buttons>(awreflow::Buttons*, void (awreflow::Buttons::*)(stm32plus::TimerEventType, unsigned char))
                0x08003c08                fastdelegate::FastDelegate<void (stm32plus::TimerEventType, unsigned char)>::FastDelegate<awreflow::Buttons, awreflow::Buttons>(awreflow::Buttons*, void (awreflow::Buttons::*)(stm32plus::TimerEventType, unsigned char))
 .text._ZN12fastdelegate6detail10ClosurePtrIMNS0_12GenericClassEFvN9stm32plus14TimerEventTypeEhEPFvS4_hES8_EC2Ev
                0x08003c34       0x1c ./src/Buttons.o
                0x08003c34                fastdelegate::detail::ClosurePtr<void (fastdelegate::detail::GenericClass::*)(stm32plus::TimerEventType, unsigned char), void (*)(stm32plus::TimerEventType, unsigned char), void (*)(stm32plus::TimerEventType, unsigned char)>::ClosurePtr()
                0x08003c34                fastdelegate::detail::ClosurePtr<void (fastdelegate::detail::GenericClass::*)(stm32plus::TimerEventType, unsigned char), void (*)(stm32plus::TimerEventType, unsigned char), void (*)(stm32plus::TimerEventType, unsigned char)>::ClosurePtr()
 .text._ZN12fastdelegate13FastDelegate2IN9stm32plus14TimerEventTypeEhvEC2ERKS3_
                0x08003c50       0x2c ./src/Buttons.o
                0x08003c50                fastdelegate::FastDelegate2<stm32plus::TimerEventType, unsigned char, void>::FastDelegate2(fastdelegate::FastDelegate2<stm32plus::TimerEventType, unsigned char, void> const&)
                0x08003c50                fastdelegate::FastDelegate2<stm32plus::TimerEventType, unsigned char, void>::FastDelegate2(fastdelegate::FastDelegate2<stm32plus::TimerEventType, unsigned char, void> const&)
 .text._ZNSt5slistIN4wink4slotIFvN9stm32plus14TimerEventTypeEhEEESaIS5_EE14_M_create_nodeERKS5_
                0x08003c7c       0x34 ./src/Buttons.o
                0x08003c7c                std::slist<wink::slot<void (stm32plus::TimerEventType, unsigned char)>, std::allocator<wink::slot<void (stm32plus::TimerEventType, unsigned char)> > >::_M_create_node(wink::slot<void (stm32plus::TimerEventType, unsigned char)> const&)
 .text._ZNSt15_Slist_iteratorIN4wink4slotIFvN8awreflow16ButtonIdentifierEEEERKS5_PS6_EC2EPSt11_Slist_nodeIS5_E
                0x08003cb0       0x20 ./src/Buttons.o
                0x08003cb0                std::_Slist_iterator<wink::slot<void (awreflow::ButtonIdentifier)>, wink::slot<void (awreflow::ButtonIdentifier)> const&, wink::slot<void (awreflow::ButtonIdentifier)> const*>::_Slist_iterator(std::_Slist_node<wink::slot<void (awreflow::ButtonIdentifier)> >*)
                0x08003cb0                std::_Slist_iterator<wink::slot<void (awreflow::ButtonIdentifier)>, wink::slot<void (awreflow::ButtonIdentifier)> const&, wink::slot<void (awreflow::ButtonIdentifier)> const*>::_Slist_iterator(std::_Slist_node<wink::slot<void (awreflow::ButtonIdentifier)> >*)
 .text._ZNK12fastdelegate13FastDelegate1IN8awreflow16ButtonIdentifierEvEclES2_
                0x08003cd0       0x6c ./src/Buttons.o
                0x08003cd0                fastdelegate::FastDelegate1<awreflow::ButtonIdentifier, void>::operator()(awreflow::ButtonIdentifier) const
 .text._ZNSt11_Slist_baseIN4wink4slotIFvN9stm32plus14TimerEventTypeEhEEESaIS5_EEC2ERKS6_
                0x08003d3c       0x28 ./src/Buttons.o
                0x08003d3c                std::_Slist_base<wink::slot<void (stm32plus::TimerEventType, unsigned char)>, std::allocator<wink::slot<void (stm32plus::TimerEventType, unsigned char)> > >::_Slist_base(std::allocator<wink::slot<void (stm32plus::TimerEventType, unsigned char)> > const&)
                0x08003d3c                std::_Slist_base<wink::slot<void (stm32plus::TimerEventType, unsigned char)>, std::allocator<wink::slot<void (stm32plus::TimerEventType, unsigned char)> > >::_Slist_base(std::allocator<wink::slot<void (stm32plus::TimerEventType, unsigned char)> > const&)
 .text._ZN9stm32plus12_GLOBAL__N_112GpioPinMergeILh1EEEvRm
                0x08003d64       0x1c ./src/Buttons.o
 .text._ZN12fastdelegate13FastDelegate2IN9stm32plus14TimerEventTypeEhvEC2IN8awreflow7ButtonsES6_EEPT0_MT_FvS2_hE
                0x08003d80       0x3c ./src/Buttons.o
                0x08003d80                fastdelegate::FastDelegate2<stm32plus::TimerEventType, unsigned char, void>::FastDelegate2<awreflow::Buttons, awreflow::Buttons>(awreflow::Buttons*, void (awreflow::Buttons::*)(stm32plus::TimerEventType, unsigned char))
                0x08003d80                fastdelegate::FastDelegate2<stm32plus::TimerEventType, unsigned char, void>::FastDelegate2<awreflow::Buttons, awreflow::Buttons>(awreflow::Buttons*, void (awreflow::Buttons::*)(stm32plus::TimerEventType, unsigned char))
 .text._ZN12fastdelegate6detail10ClosurePtrIMNS0_12GenericClassEFvN9stm32plus14TimerEventTypeEhEPFvS4_hES8_E8CopyFromINS_13FastDelegate2IS4_hvEEEEvPT_RKNS_15DelegateMementoE
                0x08003dbc       0x20 ./src/Buttons.o
                0x08003dbc                void fastdelegate::detail::ClosurePtr<void (fastdelegate::detail::GenericClass::*)(stm32plus::TimerEventType, unsigned char), void (*)(stm32plus::TimerEventType, unsigned char), void (*)(stm32plus::TimerEventType, unsigned char)>::CopyFrom<fastdelegate::FastDelegate2<stm32plus::TimerEventType, unsigned char, void> >(fastdelegate::FastDelegate2<stm32plus::TimerEventType, unsigned char, void>*, fastdelegate::DelegateMemento const&)
 .text._ZNSt17_Slist_alloc_baseIN4wink4slotIFvN9stm32plus14TimerEventTypeEhEEESaIS5_ELb1EE11_M_get_nodeEv
                0x08003ddc       0x18 ./src/Buttons.o
                0x08003ddc                std::_Slist_alloc_base<wink::slot<void (stm32plus::TimerEventType, unsigned char)>, std::allocator<wink::slot<void (stm32plus::TimerEventType, unsigned char)> >, true>::_M_get_node()
 .text._ZSt9constructIN4wink4slotIFvN9stm32plus14TimerEventTypeEhEEES5_EvPT_RKT0_
                0x08003df4       0x1c ./src/Buttons.o
                0x08003df4                void std::construct<wink::slot<void (stm32plus::TimerEventType, unsigned char)>, wink::slot<void (stm32plus::TimerEventType, unsigned char)> >(wink::slot<void (stm32plus::TimerEventType, unsigned char)>*, wink::slot<void (stm32plus::TimerEventType, unsigned char)> const&)
 .text._ZNK12fastdelegate6detail10ClosurePtrIMNS0_12GenericClassEFvN8awreflow16ButtonIdentifierEEPFvS4_ES8_E16GetClosureMemPtrEv
                0x08003e10       0x1c ./src/Buttons.o
                0x08003e10                fastdelegate::detail::ClosurePtr<void (fastdelegate::detail::GenericClass::*)(awreflow::ButtonIdentifier), void (*)(awreflow::ButtonIdentifier), void (*)(awreflow::ButtonIdentifier)>::GetClosureMemPtr() const
 .text._ZNK12fastdelegate6detail10ClosurePtrIMNS0_12GenericClassEFvN8awreflow16ButtonIdentifierEEPFvS4_ES8_E14GetClosureThisEv
                0x08003e2c       0x14 ./src/Buttons.o
                0x08003e2c                fastdelegate::detail::ClosurePtr<void (fastdelegate::detail::GenericClass::*)(awreflow::ButtonIdentifier), void (*)(awreflow::ButtonIdentifier), void (*)(awreflow::ButtonIdentifier)>::GetClosureThis() const
 .text._ZNSt23__malloc_alloc_templateILi0EE8allocateEj
                0x08003e40       0x30 ./src/Buttons.o
                0x08003e40                std::__malloc_alloc_template<0>::allocate(unsigned int)
 .text._ZNSt17_Slist_alloc_baseIN4wink4slotIFvN9stm32plus14TimerEventTypeEhEEESaIS5_ELb1EEC2ERKS6_
                0x08003e70       0x14 ./src/Buttons.o
                0x08003e70                std::_Slist_alloc_base<wink::slot<void (stm32plus::TimerEventType, unsigned char)>, std::allocator<wink::slot<void (stm32plus::TimerEventType, unsigned char)> >, true>::_Slist_alloc_base(std::allocator<wink::slot<void (stm32plus::TimerEventType, unsigned char)> > const&)
                0x08003e70                std::_Slist_alloc_base<wink::slot<void (stm32plus::TimerEventType, unsigned char)>, std::allocator<wink::slot<void (stm32plus::TimerEventType, unsigned char)> >, true>::_Slist_alloc_base(std::allocator<wink::slot<void (stm32plus::TimerEventType, unsigned char)> > const&)
 .text._ZN12fastdelegate6detail13implicit_castIPN8awreflow7ButtonsES4_EET_T0_
                0x08003e84       0x14 ./src/Buttons.o
                0x08003e84                awreflow::Buttons* fastdelegate::detail::implicit_cast<awreflow::Buttons*, awreflow::Buttons*>(awreflow::Buttons*)
 .text._ZN12fastdelegate6detail10ClosurePtrIMNS0_12GenericClassEFvN9stm32plus14TimerEventTypeEhEPFvS4_hES8_E11bindmemfuncIN8awreflow7ButtonsEMSC_FvS4_hEEEvPT_T0_
                0x08003e98       0x30 ./src/Buttons.o
                0x08003e98                void fastdelegate::detail::ClosurePtr<void (fastdelegate::detail::GenericClass::*)(stm32plus::TimerEventType, unsigned char), void (*)(stm32plus::TimerEventType, unsigned char), void (*)(stm32plus::TimerEventType, unsigned char)>::bindmemfunc<awreflow::Buttons, void (awreflow::Buttons::*)(stm32plus::TimerEventType, unsigned char)>(awreflow::Buttons*, void (awreflow::Buttons::*)(stm32plus::TimerEventType, unsigned char))
 .text._ZNSt12simple_allocISt11_Slist_nodeIN4wink4slotIFvN9stm32plus14TimerEventTypeEhEEEESt23__malloc_alloc_templateILi0EEE8allocateEj
                0x08003ec8       0x28 ./src/Buttons.o
                0x08003ec8                std::simple_alloc<std::_Slist_node<wink::slot<void (stm32plus::TimerEventType, unsigned char)> >, std::__malloc_alloc_template<0> >::allocate(unsigned int)
 .text._ZSt10_ConstructIN4wink4slotIFvN9stm32plus14TimerEventTypeEhEEES5_EvPT_RKT0_
                0x08003ef0       0x28 ./src/Buttons.o
                0x08003ef0                void std::_Construct<wink::slot<void (stm32plus::TimerEventType, unsigned char)>, wink::slot<void (stm32plus::TimerEventType, unsigned char)> >(wink::slot<void (stm32plus::TimerEventType, unsigned char)>*, wink::slot<void (stm32plus::TimerEventType, unsigned char)> const&)
 .text._ZNSt23__malloc_alloc_templateILi0EE13_S_oom_mallocEj
                0x08003f18       0x40 ./src/Buttons.o
                0x08003f18                std::__malloc_alloc_template<0>::_S_oom_malloc(unsigned int)
 .text._ZN12fastdelegate6detail15SimplifyMemFuncILi8EE7ConvertIN8awreflow7ButtonsEMS5_FvN9stm32plus14TimerEventTypeEhEMNS0_12GenericClassEFvvEEEPSA_PT_T0_RT1_
                0x08003f58       0x24 ./src/Buttons.o
                0x08003f58                fastdelegate::detail::GenericClass* fastdelegate::detail::SimplifyMemFunc<8>::Convert<awreflow::Buttons, void (awreflow::Buttons::*)(stm32plus::TimerEventType, unsigned char), void (fastdelegate::detail::GenericClass::*)()>(awreflow::Buttons*, void (awreflow::Buttons::*)(stm32plus::TimerEventType, unsigned char), void (fastdelegate::detail::GenericClass::*&)())
 .text._ZN9stm32plus16MillisecondTimer6millisEv
                0x08003f7c       0x14 ./src/ControlPage.o
                0x08003f7c                stm32plus::MillisecondTimer::millis()
 .text._ZN9stm32plus16MillisecondTimer5delayEm
                0x08003f90       0x30 ./src/ControlPage.o
                0x08003f90                stm32plus::MillisecondTimer::delay(unsigned long)
 .text._ZN9stm32plus16MillisecondTimer11hasTimedOutEmm
                0x08003fc0       0x28 ./src/ControlPage.o
                0x08003fc0                stm32plus::MillisecondTimer::hasTimedOut(unsigned long, unsigned long)
 .text._ZN9stm32plus16MillisecondTimer10differenceEm
                0x08003fe8       0x30 ./src/ControlPage.o
                0x08003fe8                stm32plus::MillisecondTimer::difference(unsigned long)
 .text._ZN9stm32plus7display5PointC2Ess
                0x08004018       0x2c ./src/ControlPage.o
                0x08004018                stm32plus::display::Point::Point(short, short)
                0x08004018                stm32plus::display::Point::Point(short, short)
 .text._ZN9stm32plus7display9RectangleC2Essss
                0x08004044       0x50 ./src/ControlPage.o
                0x08004044                stm32plus::display::Rectangle::Rectangle(short, short, short, short)
                0x08004044                stm32plus::display::Rectangle::Rectangle(short, short, short, short)
 .text._ZN9stm32plus7display9RectangleC2ERKS1_
                0x08004094       0x20 ./src/ControlPage.o
                0x08004094                stm32plus::display::Rectangle::Rectangle(stm32plus::display::Rectangle const&)
                0x08004094                stm32plus::display::Rectangle::Rectangle(stm32plus::display::Rectangle const&)
 .text._ZN9stm32plus7display9Rectangle6assignERKS1_
                0x080040b4       0x30 ./src/ControlPage.o
                0x080040b4                stm32plus::display::Rectangle::assign(stm32plus::display::Rectangle const&)
 .text._ZN8awreflow5Panel18getGraphicsLibraryEv
                0x080040e4       0x14 ./src/ControlPage.o
                0x080040e4                awreflow::Panel::getGraphicsLibrary()
 .text._ZN8awreflow5Panel12setBacklightEh
                0x080040f8       0x28 ./src/ControlPage.o
                0x080040f8                awreflow::Panel::setBacklight(unsigned char)
 .text._ZN8awreflow17BlueIntegerWriterppEv
                0x08004120       0x28 ./src/ControlPage.o
                0x08004120                awreflow::BlueIntegerWriter::operator++()
 .text._ZN8awreflow17BlueIntegerWritermmEv
                0x08004148       0x28 ./src/ControlPage.o
                0x08004148                awreflow::BlueIntegerWriter::operator--()
 .text._ZNK8awreflow17BlueIntegerWriter8getValueEv
                0x08004170       0x14 ./src/ControlPage.o
                0x08004170                awreflow::BlueIntegerWriter::getValue() const
 .text._ZN8awreflow11ControlPage3runEv
                0x08004184       0xe4 ./src/ControlPage.o
                0x08004184                awreflow::ControlPage::run()
 .text._ZN8awreflow11ControlPage10handleLeftEv
                0x08004268       0xe0 ./src/ControlPage.o
                0x08004268                awreflow::ControlPage::handleLeft()
 .text._ZN8awreflow11ControlPage11handleRightEv
                0x08004348       0xe0 ./src/ControlPage.o
                0x08004348                awreflow::ControlPage::handleRight()
 .text._ZN8awreflow11ControlPage8handleOkEv
                0x08004428       0xac ./src/ControlPage.o
                0x08004428                awreflow::ControlPage::handleOk()
 .text._ZN8awreflow11ControlPage12handleBrokenEv
                0x080044d4       0xc8 ./src/ControlPage.o
                0x080044d4                awreflow::ControlPage::handleBroken()
 .text._ZN8awreflow11ControlPage9redrawAllEv
                0x0800459c       0xc0 ./src/ControlPage.o
                0x0800459c                awreflow::ControlPage::redrawAll()
 .text._ZN8awreflow11ControlPage15drawTemperatureEv
                0x0800465c       0x7c ./src/ControlPage.o
                0x0800465c                awreflow::ControlPage::drawTemperature()
 .text._ZN8awreflow11ControlPage21drawSelectionAndCheckERNS_13FlashGraphicsEb
                0x080046d8       0x30 ./src/ControlPage.o
                0x080046d8                awreflow::ControlPage::drawSelectionAndCheck(awreflow::FlashGraphics&, bool)
 .text._ZNK8awreflow11ControlPage13drawSelectionEb
                0x08004708       0xa4 ./src/ControlPage.o
                0x08004708                awreflow::ControlPage::drawSelection(bool) const
 .text._ZNK8awreflow11ControlPage9drawCheckERNS_13FlashGraphicsE
                0x080047ac       0x64 ./src/ControlPage.o
                0x080047ac                awreflow::ControlPage::drawCheck(awreflow::FlashGraphics&) const
 .text._ZNK8awreflow11ControlPage9drawCheckERNS_13FlashGraphicsEhmmmh
                0x08004810      0x104 ./src/ControlPage.o
                0x08004810                awreflow::ControlPage::drawCheck(awreflow::FlashGraphics&, unsigned char, unsigned long, unsigned long, unsigned long, unsigned char) const
 .text._ZN9stm32plus7display18R61523PwmBacklightINS0_19Gpio16BitAccessModeIN8awreflow5PanelELNS0_11ColourDepthE0ELt48ELt42ELt42EEELb1ELNS0_24R61523BacklightFrequencyE3ELh0EE13setPercentageEt
                0x08004914       0xa4 ./src/ControlPage.o
                0x08004914                stm32plus::display::R61523PwmBacklight<stm32plus::display::Gpio16BitAccessMode<awreflow::Panel, (stm32plus::display::ColourDepth)0, (unsigned short)48, (unsigned short)42, (unsigned short)42>, true, (stm32plus::display::R61523BacklightFrequency)3, (unsigned char)0>::setPercentage(unsigned short)
 .text._ZN9stm32plus7display15GraphicsLibraryINS0_6R61523ILNS0_11OrientationE1ELNS0_11ColourDepthE0ENS0_19Gpio16BitAccessModeIN8awreflow5PanelELS4_0ELt48ELt42ELt42EEENS0_17SonyU5Vivaz_TypeBEEES8_E13setForegroundEm
                0x080049b8       0x24 ./src/ControlPage.o
                0x080049b8                stm32plus::display::GraphicsLibrary<stm32plus::display::R61523<(stm32plus::display::Orientation)1, (stm32plus::display::ColourDepth)0, stm32plus::display::Gpio16BitAccessMode<awreflow::Panel, (stm32plus::display::ColourDepth)0, (unsigned short)48, (unsigned short)42, (unsigned short)42>, stm32plus::display::SonyU5Vivaz_TypeB>, stm32plus::display::Gpio16BitAccessMode<awreflow::Panel, (stm32plus::display::ColourDepth)0, (unsigned short)48, (unsigned short)42, (unsigned short)42> >::setForeground(unsigned long)
 .text._ZN9stm32plus7display15GraphicsLibraryINS0_6R61523ILNS0_11OrientationE1ELNS0_11ColourDepthE0ENS0_19Gpio16BitAccessModeIN8awreflow5PanelELS4_0ELt48ELt42ELt42EEENS0_17SonyU5Vivaz_TypeBEEES8_E13fillRectangleERKNS0_9RectangleE
                0x080049dc       0x3c ./src/ControlPage.o
                0x080049dc                stm32plus::display::GraphicsLibrary<stm32plus::display::R61523<(stm32plus::display::Orientation)1, (stm32plus::display::ColourDepth)0, stm32plus::display::Gpio16BitAccessMode<awreflow::Panel, (stm32plus::display::ColourDepth)0, (unsigned short)48, (unsigned short)42, (unsigned short)42>, stm32plus::display::SonyU5Vivaz_TypeB>, stm32plus::display::Gpio16BitAccessMode<awreflow::Panel, (stm32plus::display::ColourDepth)0, (unsigned short)48, (unsigned short)42, (unsigned short)42> >::fillRectangle(stm32plus::display::Rectangle const&)
 .text._ZN9stm32plus7display15GraphicsLibraryINS0_6R61523ILNS0_11OrientationE1ELNS0_11ColourDepthE0ENS0_19Gpio16BitAccessModeIN8awreflow5PanelELS4_0ELt48ELt42ELt42EEENS0_17SonyU5Vivaz_TypeBEEES8_E13drawRectangleERKNS0_9RectangleE
                0x08004a18       0xb8 ./src/ControlPage.o
                0x08004a18                stm32plus::display::GraphicsLibrary<stm32plus::display::R61523<(stm32plus::display::Orientation)1, (stm32plus::display::ColourDepth)0, stm32plus::display::Gpio16BitAccessMode<awreflow::Panel, (stm32plus::display::ColourDepth)0, (unsigned short)48, (unsigned short)42, (unsigned short)42>, stm32plus::display::SonyU5Vivaz_TypeB>, stm32plus::display::Gpio16BitAccessMode<awreflow::Panel, (stm32plus::display::ColourDepth)0, (unsigned short)48, (unsigned short)42, (unsigned short)42> >::drawRectangle(stm32plus::display::Rectangle const&)
 .text._ZNK9stm32plus7display12R61523ColourILNS0_11ColourDepthE0ENS0_19Gpio16BitAccessModeIN8awreflow5PanelELS2_0ELt48ELt42ELt42EEEE12unpackColourEmRNS7_14UnpackedColourE
                0x08004ad0       0x44 ./src/ControlPage.o
                0x08004ad0                stm32plus::display::R61523Colour<(stm32plus::display::ColourDepth)0, stm32plus::display::Gpio16BitAccessMode<awreflow::Panel, (stm32plus::display::ColourDepth)0, (unsigned short)48, (unsigned short)42, (unsigned short)42> >::unpackColour(unsigned long, stm32plus::display::R61523Colour<(stm32plus::display::ColourDepth)0, stm32plus::display::Gpio16BitAccessMode<awreflow::Panel, (stm32plus::display::ColourDepth)0, (unsigned short)48, (unsigned short)42, (unsigned short)42> >::UnpackedColour&) const
 .text._ZNK9stm32plus7display17R61523OrientationILNS0_11OrientationE1ENS0_19Gpio16BitAccessModeIN8awreflow5PanelELNS0_11ColourDepthE0ELt48ELt42ELt42EEEE6moveToERKNS0_9RectangleE
                0x08004b14       0x54 ./src/ControlPage.o
                0x08004b14                stm32plus::display::R61523Orientation<(stm32plus::display::Orientation)1, stm32plus::display::Gpio16BitAccessMode<awreflow::Panel, (stm32plus::display::ColourDepth)0, (unsigned short)48, (unsigned short)42, (unsigned short)42> >::moveTo(stm32plus::display::Rectangle const&) const
 .text._ZNK9stm32plus7display12R61523ColourILNS0_11ColourDepthE0ENS0_19Gpio16BitAccessModeIN8awreflow5PanelELS2_0ELt48ELt42ELt42EEEE10fillPixelsEmRKNS7_14UnpackedColourE
                0x08004b68       0x34 ./src/ControlPage.o
                0x08004b68                stm32plus::display::R61523Colour<(stm32plus::display::ColourDepth)0, stm32plus::display::Gpio16BitAccessMode<awreflow::Panel, (stm32plus::display::ColourDepth)0, (unsigned short)48, (unsigned short)42, (unsigned short)42> >::fillPixels(unsigned long, stm32plus::display::R61523Colour<(stm32plus::display::ColourDepth)0, stm32plus::display::Gpio16BitAccessMode<awreflow::Panel, (stm32plus::display::ColourDepth)0, (unsigned short)48, (unsigned short)42, (unsigned short)42> >::UnpackedColour const&) const
 .text._ZNK9stm32plus7display19Gpio16BitAccessModeIN8awreflow5PanelELNS0_11ColourDepthE0ELt48ELt42ELt42EE12writeCommandEt
                0x08004b9c       0x34 ./src/ControlPage.o
                0x08004b9c                stm32plus::display::Gpio16BitAccessMode<awreflow::Panel, (stm32plus::display::ColourDepth)0, (unsigned short)48, (unsigned short)42, (unsigned short)42>::writeCommand(unsigned short) const
 .text._ZNK9stm32plus7display19Gpio16BitAccessModeIN8awreflow5PanelELNS0_11ColourDepthE0ELt48ELt42ELt42EE9writeDataEt
                0x08004bd0       0x30 ./src/ControlPage.o
                0x08004bd0                stm32plus::display::Gpio16BitAccessMode<awreflow::Panel, (stm32plus::display::ColourDepth)0, (unsigned short)48, (unsigned short)42, (unsigned short)42>::writeData(unsigned short) const
 .text._ZNK9stm32plus7display17R61523OrientationILNS0_11OrientationE1ENS0_19Gpio16BitAccessModeIN8awreflow5PanelELNS0_11ColourDepthE0ELt48ELt42ELt42EEEE6moveToEssss
                0x08004c00       0xe4 ./src/ControlPage.o
                0x08004c00                stm32plus::display::R61523Orientation<(stm32plus::display::Orientation)1, stm32plus::display::Gpio16BitAccessMode<awreflow::Panel, (stm32plus::display::ColourDepth)0, (unsigned short)48, (unsigned short)42, (unsigned short)42> >::moveTo(short, short, short, short) const
 .text._ZNK9stm32plus7display19Gpio16BitAccessModeIN8awreflow5PanelELNS0_11ColourDepthE0ELt48ELt42ELt42EE14writeMultiDataEmt
                0x08004ce4      0x18c ./src/ControlPage.o
                0x08004ce4                stm32plus::display::Gpio16BitAccessMode<awreflow::Panel, (stm32plus::display::ColourDepth)0, (unsigned short)48, (unsigned short)42, (unsigned short)42>::writeMultiData(unsigned long, unsigned short) const
 .text._ZNK9stm32plus7display19Gpio16BitAccessModeIN8awreflow5PanelELNS0_11ColourDepthE0ELt48ELt42ELt42EE12writeCommandEtt
                0x08004e70       0x34 ./src/ControlPage.o
                0x08004e70                stm32plus::display::Gpio16BitAccessMode<awreflow::Panel, (stm32plus::display::ColourDepth)0, (unsigned short)48, (unsigned short)42, (unsigned short)42>::writeCommand(unsigned short, unsigned short) const
 .text._ZN9stm32plus13ErrorProvider3setEmmm
                0x08004ea4       0x30 ./src/Flash.o
                0x08004ea4                stm32plus::ErrorProvider::set(unsigned long, unsigned long, unsigned long)
 .text._ZN9stm32plus12ClockControlILNS_14PeripheralNameE22EE2OnEv
                0x08004ed4       0x14 ./src/Flash.o
                0x08004ed4                stm32plus::ClockControl<(stm32plus::PeripheralName)22>::On()
 .text._ZNK9stm32plus11SpiDeviceIo9sendData8EP11SPI_TypeDefh
                0x08004ee8       0x24 ./src/Flash.o
                0x08004ee8                stm32plus::SpiDeviceIo::sendData8(SPI_TypeDef*, unsigned char) const
 .text._ZNK9stm32plus11SpiDeviceIo12receiveData8EP11SPI_TypeDef
                0x08004f0c       0x1c ./src/Flash.o
                0x08004f0c                stm32plus::SpiDeviceIo::receiveData8(SPI_TypeDef*) const
 .text._ZN9stm32plus11SpiDeviceIoC2Ev
                0x08004f28       0x14 ./src/Flash.o
                0x08004f28                stm32plus::SpiDeviceIo::SpiDeviceIo()
                0x08004f28                stm32plus::SpiDeviceIo::SpiDeviceIo()
 .text._ZN9stm32plus3SpiC2EP11SPI_TypeDefP12GPIO_TypeDefit
                0x08004f3c       0x3c ./src/Flash.o
                0x08004f3c                stm32plus::Spi::Spi(SPI_TypeDef*, GPIO_TypeDef*, int, unsigned short)
                0x08004f3c                stm32plus::Spi::Spi(SPI_TypeDef*, GPIO_TypeDef*, int, unsigned short)
 .text._ZNK9stm32plus3Spi16enablePeripheralEv
                0x08004f78       0x1c ./src/Flash.o
                0x08004f78                stm32plus::Spi::enablePeripheral() const
 .text._ZNK9stm32plus3SpicvP11SPI_TypeDefEv
                0x08004f94       0x14 ./src/Flash.o
                0x08004f94                stm32plus::Spi::operator SPI_TypeDef*() const
 .text._ZNK9stm32plus3Spi8hasErrorEv
                0x08004fa8       0x58 ./src/Flash.o
                0x08004fa8                stm32plus::Spi::hasError() const
 .text._ZNK9stm32plus3Spi6setNssEb
                0x08005000       0x44 ./src/Flash.o
                0x08005000                stm32plus::Spi::setNss(bool) const
 .text._ZN9stm32plus3Spi7receiveEPhm
                0x08005044       0xa4 ./src/Flash.o
                0x08005044                stm32plus::Spi::receive(unsigned char*, unsigned long)
 .text._ZNK9stm32plus3Spi11readyToSendEv
                0x080050e8       0x24 ./src/Flash.o
                0x080050e8                stm32plus::Spi::readyToSend() const
 .text._ZNK9stm32plus3Spi4sendEPKhmPh
                0x0800510c       0xcc ./src/Flash.o
                0x0800510c                stm32plus::Spi::send(unsigned char const*, unsigned long, unsigned char*) const
 .text._ZN9stm32plus14SpiFeatureBaseC2ERNS_3SpiE
                0x080051d8       0x1c ./src/Flash.o
                0x080051d8                stm32plus::SpiFeatureBase::SpiFeatureBase(stm32plus::Spi&)
                0x080051d8                stm32plus::SpiFeatureBase::SpiFeatureBase(stm32plus::Spi&)
 .text._ZN8awreflow5Flash13SpiNssManagerC2ERKN9stm32plus11Spi1_CustomIS0_INS2_20SpiFifoNotifyFeatureILt4096EEEEEE
                0x080051f4       0x28 ./src/Flash.o
                0x080051f4                awreflow::Flash::SpiNssManager::SpiNssManager(stm32plus::Spi1_Custom<awreflow::Flash<stm32plus::SpiFifoNotifyFeature<(unsigned short)4096> > > const&)
                0x080051f4                awreflow::Flash::SpiNssManager::SpiNssManager(stm32plus::Spi1_Custom<awreflow::Flash, stm32plus::SpiFifoNotifyFeature<(unsigned short)4096> > const&)
                0x080051f4                awreflow::Flash::SpiNssManager::SpiNssManager(stm32plus::Spi1_Custom<awreflow::Flash<stm32plus::SpiFifoNotifyFeature<(unsigned short)4096> > > const&)
                0x080051f4                awreflow::Flash::SpiNssManager::SpiNssManager(stm32plus::Spi1_Custom<awreflow::Flash, stm32plus::SpiFifoNotifyFeature<(unsigned short)4096> > const&)
 .text._ZN8awreflow5Flash13SpiNssManagerD2Ev
                0x0800521c       0x20 ./src/Flash.o
                0x0800521c                awreflow::Flash::SpiNssManager::~SpiNssManager()
                0x0800521c                awreflow::Flash::SpiNssManager::~SpiNssManager()
 .text._ZN8awreflow5FlashC2Ev
                0x0800523c       0x70 ./src/Flash.o
                0x0800523c                awreflow::Flash::Flash()
                0x0800523c                awreflow::Flash::Flash()
 .text._ZNK8awreflow5Flash15eraseLastSectorEv
                0x080052ac       0xa8 ./src/Flash.o
                0x080052ac                awreflow::Flash::eraseLastSector() const
 .text._ZNK8awreflow5Flash13writeLastPageEPKh
                0x08005354       0xe0 ./src/Flash.o
                0x08005354                awreflow::Flash::writeLastPage(unsigned char const*) const
 .text._ZNK8awreflow5Flash12readLastPageEPh
                0x08005434       0xa0 ./src/Flash.o
                0x08005434                awreflow::Flash::readLastPage(unsigned char*) const
 .text._ZNK8awreflow5Flash18readStatusRegisterERh
                0x080054d4       0x84 ./src/Flash.o
                0x080054d4                awreflow::Flash::readStatusRegister(unsigned char&) const
 .text._ZNK8awreflow5Flash11waitForIdleEv
                0x08005558       0x40 ./src/Flash.o
                0x08005558                awreflow::Flash::waitForIdle() const
 .text._ZNK8awreflow5Flash11writeEnableEv
                0x08005598       0x5c ./src/Flash.o
                0x08005598                awreflow::Flash::writeEnable() const
 .text._ZN9stm32plus10scoped_ptrINS_11Spi1_CustomIN8awreflow5FlashEINS_20SpiFifoNotifyFeatureILt4096EEEEEEEC2EPS6_
                0x080055f4       0x1c ./src/Flash.o
                0x080055f4                stm32plus::scoped_ptr<stm32plus::Spi1_Custom<awreflow::Flash, stm32plus::SpiFifoNotifyFeature<(unsigned short)4096> > >::scoped_ptr(stm32plus::Spi1_Custom<awreflow::Flash, stm32plus::SpiFifoNotifyFeature<(unsigned short)4096> >*)
                0x080055f4                stm32plus::scoped_ptr<stm32plus::Spi1_Custom<awreflow::Flash, stm32plus::SpiFifoNotifyFeature<(unsigned short)4096> > >::scoped_ptr(stm32plus::Spi1_Custom<awreflow::Flash, stm32plus::SpiFifoNotifyFeature<(unsigned short)4096> >*)
                0x080055f4                stm32plus::scoped_ptr<stm32plus::Spi1_Custom<awreflow::Flash, stm32plus::SpiFifoNotifyFeature<(unsigned short)4096> > >::scoped_ptr(stm32plus::Spi1_Custom<awreflow::Flash, stm32plus::SpiFifoNotifyFeature<(unsigned short)4096> >*)
                0x080055f4                stm32plus::scoped_ptr<stm32plus::Spi1_Custom<awreflow::Flash, stm32plus::SpiFifoNotifyFeature<(unsigned short)4096> > >::scoped_ptr(stm32plus::Spi1_Custom<awreflow::Flash, stm32plus::SpiFifoNotifyFeature<(unsigned short)4096> >*)
 .text._ZN9stm32plus13SpiPeripheralIN8awreflow5FlashELNS_14PeripheralNameE22EE10ParametersC2Ev
                0x08005610       0x48 ./src/Flash.o
                0x08005610                stm32plus::SpiPeripheral<awreflow::Flash, (stm32plus::PeripheralName)22>::Parameters::Parameters()
                0x08005610                stm32plus::SpiPeripheral<awreflow::Flash, (stm32plus::PeripheralName)22>::Parameters::Parameters()
 .text._ZN9stm32plus11Spi1_CustomIN8awreflow5FlashEINS_20SpiFifoNotifyFeatureILt4096EEEEEC2ERKNS_13SpiPeripheralIS2_LNS_14PeripheralNameE22EE10ParametersE
                0x08005658       0x30 ./src/Flash.o
                0x08005658                stm32plus::Spi1_Custom<awreflow::Flash, stm32plus::SpiFifoNotifyFeature<(unsigned short)4096> >::Spi1_Custom(stm32plus::SpiPeripheral<awreflow::Flash, (stm32plus::PeripheralName)22>::Parameters const&)
                0x08005658                stm32plus::Spi1_Custom<awreflow::Flash, stm32plus::SpiFifoNotifyFeature<(unsigned short)4096> >::Spi1_Custom(stm32plus::SpiPeripheral<awreflow::Flash, (stm32plus::PeripheralName)22>::Parameters const&)
                0x08005658                stm32plus::Spi1_Custom<awreflow::Flash, stm32plus::SpiFifoNotifyFeature<(unsigned short)4096> >::Spi1_Custom(stm32plus::SpiPeripheral<awreflow::Flash, (stm32plus::PeripheralName)22>::Parameters const&)
                0x08005658                stm32plus::Spi1_Custom<awreflow::Flash, stm32plus::SpiFifoNotifyFeature<(unsigned short)4096> >::Spi1_Custom(stm32plus::SpiPeripheral<awreflow::Flash, (stm32plus::PeripheralName)22>::Parameters const&)
 .text._ZN9stm32plus10scoped_ptrINS_11Spi1_CustomIN8awreflow5FlashEINS_20SpiFifoNotifyFeatureILt4096EEEEEEE5resetEPS6_
                0x08005688       0x34 ./src/Flash.o
                0x08005688                stm32plus::scoped_ptr<stm32plus::Spi1_Custom<awreflow::Flash, stm32plus::SpiFifoNotifyFeature<(unsigned short)4096> > >::reset(stm32plus::Spi1_Custom<awreflow::Flash, stm32plus::SpiFifoNotifyFeature<(unsigned short)4096> >*)
                0x08005688                stm32plus::scoped_ptr<stm32plus::Spi1_Custom<awreflow::Flash, stm32plus::SpiFifoNotifyFeature<(unsigned short)4096> > >::reset(stm32plus::Spi1_Custom<awreflow::Flash, stm32plus::SpiFifoNotifyFeature<(unsigned short)4096> >*)
 .text._ZNK9stm32plus10scoped_ptrINS_11Spi1_CustomIN8awreflow5FlashEINS_20SpiFifoNotifyFeatureILt4096EEEEEEEptEv
                0x080056bc       0x14 ./src/Flash.o
                0x080056bc                stm32plus::scoped_ptr<stm32plus::Spi1_Custom<awreflow::Flash, stm32plus::SpiFifoNotifyFeature<(unsigned short)4096> > >::operator->() const
                0x080056bc                stm32plus::scoped_ptr<stm32plus::Spi1_Custom<awreflow::Flash, stm32plus::SpiFifoNotifyFeature<(unsigned short)4096> > >::operator->() const
 .text._ZNK9stm32plus10scoped_ptrINS_11Spi1_CustomIN8awreflow5FlashEINS_20SpiFifoNotifyFeatureILt4096EEEEEEEdeEv
                0x080056d0       0x14 ./src/Flash.o
                0x080056d0                stm32plus::scoped_ptr<stm32plus::Spi1_Custom<awreflow::Flash, stm32plus::SpiFifoNotifyFeature<(unsigned short)4096> > >::operator*() const
                0x080056d0                stm32plus::scoped_ptr<stm32plus::Spi1_Custom<awreflow::Flash, stm32plus::SpiFifoNotifyFeature<(unsigned short)4096> > >::operator*() const
 .text._ZN9stm32plus13SpiPeripheralIN8awreflow5FlashELNS_14PeripheralNameE22EEC2ERKNS4_10ParametersE
                0x080056e4       0xc8 ./src/Flash.o
                0x080056e4                stm32plus::SpiPeripheral<awreflow::Flash, (stm32plus::PeripheralName)22>::SpiPeripheral(stm32plus::SpiPeripheral<awreflow::Flash, (stm32plus::PeripheralName)22>::Parameters const&)
                0x080056e4                stm32plus::SpiPeripheral<awreflow::Flash, (stm32plus::PeripheralName)22>::SpiPeripheral(stm32plus::SpiPeripheral<awreflow::Flash, (stm32plus::PeripheralName)22>::Parameters const&)
 .text._ZN9stm32plus20SpiFifoNotifyFeatureILt4096EEC2ERNS_3SpiE
                0x080057ac       0x38 ./src/Flash.o
                0x080057ac                stm32plus::SpiFifoNotifyFeature<(unsigned short)4096>::SpiFifoNotifyFeature(stm32plus::Spi&)
                0x080057ac                stm32plus::SpiFifoNotifyFeature<(unsigned short)4096>::SpiFifoNotifyFeature(stm32plus::Spi&)
 .text._ZN9stm32plus17SpiPinInitialiserIN8awreflow5FlashELNS_14PeripheralNameE22EE10initialiseEt
                0x080057e4       0xa4 ./src/Flash.o
                0x080057e4                stm32plus::SpiPinInitialiser<awreflow::Flash, (stm32plus::PeripheralName)22>::initialise(unsigned short)
 .text._ZN9stm32plus12ClockControlILNS_14PeripheralNameE7EE2OnEv
                0x08005888       0x10 ./src/FlashGraphics.o
                0x08005888                stm32plus::ClockControl<(stm32plus::PeripheralName)7>::On()
 .text._ZN9stm32plus3DmaC2EP19DMA_Channel_TypeDefmmm
                0x08005898       0x30 ./src/FlashGraphics.o
                0x08005898                stm32plus::Dma::Dma(DMA_Channel_TypeDef*, unsigned long, unsigned long, unsigned long)
                0x08005898                stm32plus::Dma::Dma(DMA_Channel_TypeDef*, unsigned long, unsigned long, unsigned long)
 .text._ZNK9stm32plus3Dma10isCompleteEv
                0x080058c8       0x34 ./src/FlashGraphics.o
                0x080058c8                stm32plus::Dma::isComplete() const
 .text._ZNK9stm32plus3Dma14isHalfCompleteEv
                0x080058fc       0x34 ./src/FlashGraphics.o
                0x080058fc                stm32plus::Dma::isHalfComplete() const
 .text._ZNK9stm32plus3Dma17clearCompleteFlagEv
                0x08005930       0x18 ./src/FlashGraphics.o
                0x08005930                stm32plus::Dma::clearCompleteFlag() const
 .text._ZNK9stm32plus3Dma21clearHalfCompleteFlagEv
                0x08005948       0x18 ./src/FlashGraphics.o
                0x08005948                stm32plus::Dma::clearHalfCompleteFlag() const
 .text._ZN9stm32plus3DmacvP19DMA_Channel_TypeDefEv
                0x08005960       0x14 ./src/FlashGraphics.o
                0x08005960                stm32plus::Dma::operator DMA_Channel_TypeDef*()
 .text._ZN9stm32plus14DmaFeatureBaseC2ERNS_3DmaE
                0x08005974       0x1c ./src/FlashGraphics.o
                0x08005974                stm32plus::DmaFeatureBase::DmaFeatureBase(stm32plus::Dma&)
                0x08005974                stm32plus::DmaFeatureBase::DmaFeatureBase(stm32plus::Dma&)
 .text._ZN9stm32plus14DmaFeatureBasecvR15DMA_InitTypeDefEv
                0x08005990       0x14 ./src/FlashGraphics.o
                0x08005990                stm32plus::DmaFeatureBase::operator DMA_InitTypeDef&()
 .text._ZN8awreflow5Panel13getAccessModeEv
                0x080059a4       0x14 ./src/FlashGraphics.o
                0x080059a4                awreflow::Panel::getAccessMode()
 .text._ZN8awreflow13FlashGraphicsC2ERNS_5PanelE
                0x080059b8       0x48 ./src/FlashGraphics.o
                0x080059b8                awreflow::FlashGraphics::FlashGraphics(awreflow::Panel&)
                0x080059b8                awreflow::FlashGraphics::FlashGraphics(awreflow::Panel&)
 .text._ZN8awreflow13FlashGraphics10drawBitmapERKN9stm32plus7display9RectangleEmm
                0x08005a00      0x1dc ./src/FlashGraphics.o
                0x08005a00                awreflow::FlashGraphics::drawBitmap(stm32plus::display::Rectangle const&, unsigned long, unsigned long)
 .text._ZN9stm32plus12Dma1Channel2IINS_19SpiDmaReaderFeatureINS_16PeripheralTraitsILNS_14PeripheralNameE22EEELm8192ELb1EEEEEC2Ev
                0x08005bdc       0x40 ./src/FlashGraphics.o
                0x08005bdc                stm32plus::Dma1Channel2<stm32plus::SpiDmaReaderFeature<stm32plus::PeripheralTraits<(stm32plus::PeripheralName)22>, 8192ul, true> >::Dma1Channel2()
                0x08005bdc                stm32plus::Dma1Channel2<stm32plus::SpiDmaReaderFeature<stm32plus::PeripheralTraits<(stm32plus::PeripheralName)22>, 8192ul, true> >::Dma1Channel2()
                0x08005bdc                stm32plus::Dma1Channel2<stm32plus::SpiDmaReaderFeature<stm32plus::PeripheralTraits<(stm32plus::PeripheralName)22>, 8192ul, true> >::Dma1Channel2()
                0x08005bdc                stm32plus::Dma1Channel2<stm32plus::SpiDmaReaderFeature<stm32plus::PeripheralTraits<(stm32plus::PeripheralName)22>, 8192ul, true> >::Dma1Channel2()
 .text._ZN9stm32plus12Dma1Channel3IINS_19SpiDmaWriterFeatureINS_16PeripheralTraitsILNS_14PeripheralNameE22EEELm8192ELb1EEEEEC2Ev
                0x08005c1c       0x40 ./src/FlashGraphics.o
                0x08005c1c                stm32plus::Dma1Channel3<stm32plus::SpiDmaWriterFeature<stm32plus::PeripheralTraits<(stm32plus::PeripheralName)22>, 8192ul, true> >::Dma1Channel3()
                0x08005c1c                stm32plus::Dma1Channel3<stm32plus::SpiDmaWriterFeature<stm32plus::PeripheralTraits<(stm32plus::PeripheralName)22>, 8192ul, true> >::Dma1Channel3()
                0x08005c1c                stm32plus::Dma1Channel3<stm32plus::SpiDmaWriterFeature<stm32plus::PeripheralTraits<(stm32plus::PeripheralName)22>, 8192ul, true> >::Dma1Channel3()
                0x08005c1c                stm32plus::Dma1Channel3<stm32plus::SpiDmaWriterFeature<stm32plus::PeripheralTraits<(stm32plus::PeripheralName)22>, 8192ul, true> >::Dma1Channel3()
 .text._ZNK9stm32plus7display6R61523ILNS0_11OrientationE1ELNS0_11ColourDepthE0ENS0_19Gpio16BitAccessModeIN8awreflow5PanelELS3_0ELt48ELt42ELt42EEENS0_17SonyU5Vivaz_TypeBEE12beginWritingEv
                0x08005c5c       0x1c ./src/FlashGraphics.o
                0x08005c5c                stm32plus::display::R61523<(stm32plus::display::Orientation)1, (stm32plus::display::ColourDepth)0, stm32plus::display::Gpio16BitAccessMode<awreflow::Panel, (stm32plus::display::ColourDepth)0, (unsigned short)48, (unsigned short)42, (unsigned short)42>, stm32plus::display::SonyU5Vivaz_TypeB>::beginWriting() const
 .text._ZN9stm32plus19SpiDmaReaderFeatureINS_16PeripheralTraitsILNS_14PeripheralNameE22EEELm8192ELb1EE9beginReadEPvm
                0x08005c78       0x50 ./src/FlashGraphics.o
                0x08005c78                stm32plus::SpiDmaReaderFeature<stm32plus::PeripheralTraits<(stm32plus::PeripheralName)22>, 8192ul, true>::beginRead(void*, unsigned long)
 .text._ZN9stm32plus19SpiDmaWriterFeatureINS_16PeripheralTraitsILNS_14PeripheralNameE22EEELm8192ELb1EE10beginWriteEPKvm
                0x08005cc8       0x50 ./src/FlashGraphics.o
                0x08005cc8                stm32plus::SpiDmaWriterFeature<stm32plus::PeripheralTraits<(stm32plus::PeripheralName)22>, 8192ul, true>::beginWrite(void const*, unsigned long)
 .text._ZNK9stm32plus7display19Gpio16BitAccessModeIN8awreflow5PanelELNS0_11ColourDepthE0ELt48ELt42ELt42EE11rawTransferEPKvm
                0x08005d18       0x3c ./src/FlashGraphics.o
                0x08005d18                stm32plus::display::Gpio16BitAccessMode<awreflow::Panel, (stm32plus::display::ColourDepth)0, (unsigned short)48, (unsigned short)42, (unsigned short)42>::rawTransfer(void const*, unsigned long) const
 .text._ZN9stm32plus19SpiDmaReaderFeatureINS_16PeripheralTraitsILNS_14PeripheralNameE22EEELm8192ELb1EEC2ERNS_3DmaE
                0x08005d54       0x70 ./src/FlashGraphics.o
                0x08005d54                stm32plus::SpiDmaReaderFeature<stm32plus::PeripheralTraits<(stm32plus::PeripheralName)22>, 8192ul, true>::SpiDmaReaderFeature(stm32plus::Dma&)
                0x08005d54                stm32plus::SpiDmaReaderFeature<stm32plus::PeripheralTraits<(stm32plus::PeripheralName)22>, 8192ul, true>::SpiDmaReaderFeature(stm32plus::Dma&)
 .text._ZN9stm32plus19SpiDmaWriterFeatureINS_16PeripheralTraitsILNS_14PeripheralNameE22EEELm8192ELb1EEC2ERNS_3DmaE
                0x08005dc4       0x70 ./src/FlashGraphics.o
                0x08005dc4                stm32plus::SpiDmaWriterFeature<stm32plus::PeripheralTraits<(stm32plus::PeripheralName)22>, 8192ul, true>::SpiDmaWriterFeature(stm32plus::Dma&)
                0x08005dc4                stm32plus::SpiDmaWriterFeature<stm32plus::PeripheralTraits<(stm32plus::PeripheralName)22>, 8192ul, true>::SpiDmaWriterFeature(stm32plus::Dma&)
 .text._ZN8awreflow19IntegerNumberWriterC2EmPKNS_12NumberWriter5DigitEh
                0x08005e34       0x2c ./src/IntegerNumberWriter.o
                0x08005e34                awreflow::IntegerNumberWriter::IntegerNumberWriter(unsigned long, awreflow::NumberWriter::Digit const*, unsigned char)
                0x08005e34                awreflow::IntegerNumberWriter::IntegerNumberWriter(unsigned long, awreflow::NumberWriter::Digit const*, unsigned char)
 .text._ZN8awreflow19IntegerNumberWriter5writeERNS_13FlashGraphicsERKN9stm32plus7display5PointEm
                0x08005e60       0x34 ./src/IntegerNumberWriter.o
                0x08005e60                awreflow::IntegerNumberWriter::write(awreflow::FlashGraphics&, stm32plus::display::Point const&, unsigned long)
 .text._ZN8awreflow13ReflowProfileC2EPKNS0_7SegmentEhtt
                0x08005e94       0x40 ./src/LeadFreeReflowProfile.o
                0x08005e94                awreflow::ReflowProfile::ReflowProfile(awreflow::ReflowProfile::Segment const*, unsigned char, unsigned short, unsigned short)
                0x08005e94                awreflow::ReflowProfile::ReflowProfile(awreflow::ReflowProfile::Segment const*, unsigned char, unsigned short, unsigned short)
 .text._ZN8awreflow21LeadFreeReflowProfileC2Ev
                0x08005ed4       0x30 ./src/LeadFreeReflowProfile.o
                0x08005ed4                awreflow::LeadFreeReflowProfile::LeadFreeReflowProfile()
                0x08005ed4                awreflow::LeadFreeReflowProfile::LeadFreeReflowProfile()
 .text._ZN8awreflow19LeadedReflowProfileC2Ev
                0x08005f04       0x30 ./src/LeadedReflowProfile.o
                0x08005f04                awreflow::LeadedReflowProfile::LeadedReflowProfile()
                0x08005f04                awreflow::LeadedReflowProfile::LeadedReflowProfile()
 .text._ZNK9stm32plus4Gpio3setEv
                0x08005f34       0x20 ./src/Main.o
                0x08005f34                stm32plus::Gpio::set() const
 .text._ZNK9stm32plus4Gpio5resetEv
                0x08005f54       0x20 ./src/Main.o
                0x08005f54                stm32plus::Gpio::reset() const
 .text._ZN9stm32plus10gpioHelper13getPeripheralILm1207959552EEEmv
                0x08005f74       0x10 ./src/Main.o
                0x08005f74                unsigned long stm32plus::gpioHelper::getPeripheral<1207959552ul>()
 .text._ZN9stm32plus4Nvic10initialiseEm
                0x08005f84       0x10 ./src/Main.o
                0x08005f84                stm32plus::Nvic::initialise(unsigned long)
 .text._ZN9stm32plus7display4SizeC2Ess
                0x08005f94       0x2c ./src/Main.o
                0x08005f94                stm32plus::display::Size::Size(short, short)
                0x08005f94                stm32plus::display::Size::Size(short, short)
 .text._ZN8awreflow11ControlPageC2ERNS_5PanelERNS_7ButtonsERKNS_16ReflowParametersE
                0x08005fc0      0x10c ./src/Main.o
                0x08005fc0                awreflow::ControlPage::ControlPage(awreflow::Panel&, awreflow::Buttons&, awreflow::ReflowParameters const&)
                0x08005fc0                awreflow::ControlPage::ControlPage(awreflow::Panel&, awreflow::Buttons&, awreflow::ReflowParameters const&)
 .text._ZN8awreflow11ControlPageD2Ev
                0x080060cc       0x1c ./src/Main.o
                0x080060cc                awreflow::ControlPage::~ControlPage()
                0x080060cc                awreflow::ControlPage::~ControlPage()
 .text._ZN8awreflow10ReflowPageD2Ev
                0x080060e8       0x30 ./src/Main.o
                0x080060e8                awreflow::ReflowPage::~ReflowPage()
                0x080060e8                awreflow::ReflowPage::~ReflowPage()
 .text._ZN8awreflow4Main3runEv
                0x08006118      0x134 ./src/Main.o
                0x08006118                awreflow::Main::run()
 .text._ZNK8awreflow4Main14setDefaultPinsEv
                0x0800624c       0x74 ./src/Main.o
                0x0800624c                awreflow::Main::setDefaultPins() const
 .text.main     0x080062c0       0x24 ./src/Main.o
                0x080062c0                main
 .text._ZN9stm32plus10scoped_ptrIN8awreflow13ReflowProfileEED2Ev
                0x080062e4       0x1c ./src/Main.o
                0x080062e4                stm32plus::scoped_ptr<awreflow::ReflowProfile>::~scoped_ptr()
                0x080062e4                stm32plus::scoped_ptr<awreflow::ReflowProfile>::~scoped_ptr()
 .text._ZN9stm32plus10scoped_ptrIN8awreflow6ReflowEED2Ev
                0x08006300       0x28 ./src/Main.o
                0x08006300                stm32plus::scoped_ptr<awreflow::Reflow>::~scoped_ptr()
                0x08006300                stm32plus::scoped_ptr<awreflow::Reflow>::~scoped_ptr()
 .text._ZN9stm32plus8GpioPortILm1207959552EINS_20DigitalOutputFeatureIL17GPIOSpeed_TypeDef3ELNS_4Gpio14GpioOutputTypeE1ELNS3_18GpioPullUpDownTypeE0EILh3ELh4ELh11EEEEEEC2Ev
                0x08006328       0x38 ./src/Main.o
                0x08006328                stm32plus::GpioPort<1207959552ul, stm32plus::DigitalOutputFeature<(GPIOSpeed_TypeDef)3, (stm32plus::Gpio::GpioOutputType)1, (stm32plus::Gpio::GpioPullUpDownType)0, (unsigned char)3, (unsigned char)4, (unsigned char)11> >::GpioPort()